Archive member included because of file (symbol)

c:/program files (x86)/atmel/atmel toolchain/avr8 gcc/native/3.4.1061/avr8-gnu-toolchain/bin/../lib/gcc/avr/4.8.1/avrxmega4\libgcc.a(_divmodhi4.o)
                              src/mainAangepast.o (__divmodhi4)
c:/program files (x86)/atmel/atmel toolchain/avr8 gcc/native/3.4.1061/avr8-gnu-toolchain/bin/../lib/gcc/avr/4.8.1/avrxmega4\libgcc.a(_udivmodsi4.o)
                              src/asf/xmega/drivers/spi/spi.o (__udivmodsi4)
c:/program files (x86)/atmel/atmel toolchain/avr8 gcc/native/3.4.1061/avr8-gnu-toolchain/bin/../lib/gcc/avr/4.8.1/avrxmega4\libgcc.a(_exit.o)
                              c:/program files (x86)/atmel/atmel toolchain/avr8 gcc/native/3.4.1061/avr8-gnu-toolchain/bin/../lib/gcc/avr/4.8.1/../../../../avr/lib/avrxmega4/crtx64a3u.o (exit)
c:/program files (x86)/atmel/atmel toolchain/avr8 gcc/native/3.4.1061/avr8-gnu-toolchain/bin/../lib/gcc/avr/4.8.1/avrxmega4\libgcc.a(_tablejump.o)
                              src/asf/xmega/services/pwm/pwm.o (__tablejump2__)
c:/program files (x86)/atmel/atmel toolchain/avr8 gcc/native/3.4.1061/avr8-gnu-toolchain/bin/../lib/gcc/avr/4.8.1/avrxmega4\libgcc.a(_copy_data.o)
                              src/mainAangepast.o (__do_copy_data)
c:/program files (x86)/atmel/atmel toolchain/avr8 gcc/native/3.4.1061/avr8-gnu-toolchain/bin/../lib/gcc/avr/4.8.1/avrxmega4\libgcc.a(_clear_bss.o)
                              src/mainAangepast.o (__do_clear_bss)
c:/program files (x86)/atmel/atmel toolchain/avr8 gcc/native/3.4.1061/avr8-gnu-toolchain/bin/../lib/gcc/avr/4.8.1/avrxmega4\libgcc.a(_mulhisi3.o)
                              src/mainAangepast.o (__mulhisi3)
c:/program files (x86)/atmel/atmel toolchain/avr8 gcc/native/3.4.1061/avr8-gnu-toolchain/bin/../lib/gcc/avr/4.8.1/avrxmega4\libgcc.a(_umulhisi3.o)
                              src/asf/xmega/services/pwm/pwm.o (__umulhisi3)
c:/program files (x86)/atmel/atmel toolchain/avr8 gcc/native/3.4.1061/avr8-gnu-toolchain/bin/../lib/gcc/avr/4.8.1/avrxmega4\libgcc.a(_usmulhisi3.o)
                              src/mainAangepast.o (__usmulhisi3)
c:/program files (x86)/atmel/atmel toolchain/avr8 gcc/native/3.4.1061/avr8-gnu-toolchain/bin/../lib/gcc/avr/4.8.1/avrxmega4\libgcc.a(_muluhisi3.o)
                              src/mainAangepast.o (__muluhisi3)
c:/program files (x86)/atmel/atmel toolchain/avr8 gcc/native/3.4.1061/avr8-gnu-toolchain/bin/../lib/gcc/avr/4.8.1/avrxmega4\libgcc.a(_udivmodhi4.o)
                              c:/program files (x86)/atmel/atmel toolchain/avr8 gcc/native/3.4.1061/avr8-gnu-toolchain/bin/../lib/gcc/avr/4.8.1/avrxmega4\libgcc.a(_divmodhi4.o) (__udivmodhi4)
c:/program files (x86)/atmel/atmel toolchain/avr8 gcc/native/3.4.1061/avr8-gnu-toolchain/bin/../lib/gcc/avr/4.8.1/../../../../avr/lib/avrxmega4\libm.a(addsf3.o)
                              src/mainAangepast.o (__addsf3)
c:/program files (x86)/atmel/atmel toolchain/avr8 gcc/native/3.4.1061/avr8-gnu-toolchain/bin/../lib/gcc/avr/4.8.1/../../../../avr/lib/avrxmega4\libm.a(addsf3x.o)
                              c:/program files (x86)/atmel/atmel toolchain/avr8 gcc/native/3.4.1061/avr8-gnu-toolchain/bin/../lib/gcc/avr/4.8.1/../../../../avr/lib/avrxmega4\libm.a(addsf3.o) (__addsf3x)
c:/program files (x86)/atmel/atmel toolchain/avr8 gcc/native/3.4.1061/avr8-gnu-toolchain/bin/../lib/gcc/avr/4.8.1/../../../../avr/lib/avrxmega4\libm.a(cmpsf2.o)
                              src/mainAangepast.o (__ltsf2)
c:/program files (x86)/atmel/atmel toolchain/avr8 gcc/native/3.4.1061/avr8-gnu-toolchain/bin/../lib/gcc/avr/4.8.1/../../../../avr/lib/avrxmega4\libm.a(divsf3.o)
                              src/mainAangepast.o (__divsf3)
c:/program files (x86)/atmel/atmel toolchain/avr8 gcc/native/3.4.1061/avr8-gnu-toolchain/bin/../lib/gcc/avr/4.8.1/../../../../avr/lib/avrxmega4\libm.a(divsf3x.o)
                              c:/program files (x86)/atmel/atmel toolchain/avr8 gcc/native/3.4.1061/avr8-gnu-toolchain/bin/../lib/gcc/avr/4.8.1/../../../../avr/lib/avrxmega4\libm.a(divsf3.o) (__divsf3x)
c:/program files (x86)/atmel/atmel toolchain/avr8 gcc/native/3.4.1061/avr8-gnu-toolchain/bin/../lib/gcc/avr/4.8.1/../../../../avr/lib/avrxmega4\libm.a(fixsfsi.o)
                              src/mainAangepast.o (__fixsfsi)
c:/program files (x86)/atmel/atmel toolchain/avr8 gcc/native/3.4.1061/avr8-gnu-toolchain/bin/../lib/gcc/avr/4.8.1/../../../../avr/lib/avrxmega4\libm.a(fixunssfsi.o)
                              c:/program files (x86)/atmel/atmel toolchain/avr8 gcc/native/3.4.1061/avr8-gnu-toolchain/bin/../lib/gcc/avr/4.8.1/../../../../avr/lib/avrxmega4\libm.a(fixsfsi.o) (__fixunssfsi)
c:/program files (x86)/atmel/atmel toolchain/avr8 gcc/native/3.4.1061/avr8-gnu-toolchain/bin/../lib/gcc/avr/4.8.1/../../../../avr/lib/avrxmega4\libm.a(floatsisf.o)
                              src/mainAangepast.o (__floatsisf)
[...]
Memory Configuration

Name             Origin             Length             Attributes
text             0x00000000         0x00100000         xr
data             0x00802000         0x0000ffa0         rw !x
eeprom           0x00810000         0x00010000         rw !x
fuse             0x00820000         0x00000400         rw !x
lock             0x00830000         0x00000400         rw !x
signature        0x00840000         0x00000400         rw !x
user_signatures  0x00850000         0x00000400         rw !x
*default*        0x00000000         0xffffffff

Linker script and memory map

LOAD c:/program files (x86)/atmel/atmel toolchain/avr8 gcc/native/3.4.1061/avr8-gnu-toolchain/bin/../lib/gcc/avr/4.8.1/../../../../avr/lib/avrxmega4/crtx64a3u.o
LOAD src/asf/common/boards/user_board/init.o
LOAD src/mainAangepast.o
LOAD src/asf/common/services/clock/xmega/sysclk.o
LOAD src/asf/common/services/ioport/xmega/ioport_compat.o
LOAD src/asf/common/services/serial/usart_serial.o
LOAD src/asf/common/services/sleepmgr/xmega/sleepmgr.o
LOAD src/asf/common/services/spi/xmega_spi/spi_master.o
LOAD src/asf/common/utils/stdio/read.o
LOAD src/asf/common/utils/stdio/write.o
LOAD src/asf/xmega/drivers/adc/adc.o
LOAD src/asf/xmega/drivers/adc/xmega_aau/adc_aau.o
LOAD src/asf/xmega/drivers/cpu/ccp.o
LOAD src/asf/xmega/drivers/nvm/nvm.o
LOAD src/asf/xmega/drivers/nvm/nvm_asm.o
LOAD src/asf/xmega/drivers/spi/spi.o
LOAD src/asf/xmega/drivers/tc/tc.o
LOAD src/asf/xmega/drivers/usart/usart.o
LOAD src/asf/xmega/services/pwm/pwm.o
START GROUP
END GROUP
START GROUP
LOAD c:/program files (x86)/atmel/atmel toolchain/avr8 gcc/native/3.4.1061/avr8-gnu-toolchain/bin/../lib/gcc/avr/4.8.1/avrxmega4\libgcc.a
LOAD c:/program files (x86)/atmel/atmel toolchain/avr8 gcc/native/3.4.1061/avr8-gnu-toolchain/bin/../lib/gcc/avr/4.8.1/../../../../avr/lib/avrxmega4\libm.a
LOAD c:/program files (x86)/atmel/atmel toolchain/avr8 gcc/native/3.4.1061/avr8-gnu-toolchain/bin/../lib/gcc/avr/4.8.1/../../../../avr/lib/avrxmega4\libc.a
END GROUP

.hash
 *(.hash)

.dynsym
 *(.dynsym)

.dynstr
 *(.dynstr)

.gnu.version
 *(.gnu.version)

.gnu.version_d
 *(.gnu.version_d)

.gnu.version_r
 *(.gnu.version_r)

.rel.init
 *(.rel.init)

.rela.init
 *(.rela.init)

.rel.text
 *(.rel.text)
 *(.rel.text.*)
 *(.rel.gnu.linkonce.t*)

.rela.text
 *(.rela.text)
 *(.rela.text.*)
 *(.rela.gnu.linkonce.t*)

.rel.fini
 *(.rel.fini)

.rela.fini
 *(.rela.fini)

.rel.rodata
 *(.rel.rodata)
 *(.rel.rodata.*)
 *(.rel.gnu.linkonce.r*)

.rela.rodata
 *(.rela.rodata)
 *(.rela.rodata.*)
 *(.rela.gnu.linkonce.r*)

.rel.data
 *(.rel.data)
 *(.rel.data.*)
 *(.rel.gnu.linkonce.d*)

.rela.data
 *(.rela.data)
 *(.rela.data.*)
 *(.rela.gnu.linkonce.d*)

.rel.ctors
 *(.rel.ctors)

.rela.ctors
 *(.rela.ctors)

.rel.dtors
 *(.rel.dtors)

.rela.dtors
 *(.rela.dtors)

.rel.got
 *(.rel.got)

.rela.got
 *(.rela.got)

.rel.bss
 *(.rel.bss)

.rela.bss
 *(.rela.bss)

.rel.plt
 *(.rel.plt)

.rela.plt
 *(.rela.plt)

.text           0x00000000     0x2d70
 *(.vectors)
 .vectors       0x00000000      0x1fc c:/program files (x86)/atmel/atmel toolchain/avr8 gcc/native/3.4.1061/avr8-gnu-toolchain/bin/../lib/gcc/avr/4.8.1/../../../../avr/lib/avrxmega4/crtx64a3u.o
                0x00000000                __vector_default
                0x00000000                __vectors
 *(.vectors)
 *(.progmem.gcc*)
                0x000001fc                . = ALIGN (0x2)
                0x000001fc                __trampolines_start = .
 *(.trampolines)
 .trampolines   0x000001fc        0x0 linker stubs
 *(.trampolines*)
                0x000001fc                __trampolines_end = .
 *(.progmem*)
                0x000001fc                . = ALIGN (0x2)
 *(.jumptables)
 *(.jumptables*)
 *(.lowtext)
 *(.lowtext*)
                0x000001fc                __ctors_start = .
 *(.ctors)
                0x000001fc                __ctors_end = .
                0x000001fc                __dtors_start = .
 *(.dtors)
                0x000001fc                __dtors_end = .
 SORT(*)(.ctors)
 SORT(*)(.dtors)
 *(.init0)
 .init0         0x000001fc        0x0 c:/program files (x86)/atmel/atmel toolchain/avr8 gcc/native/3.4.1061/avr8-gnu-toolchain/bin/../lib/gcc/avr/4.8.1/../../../../avr/lib/avrxmega4/crtx64a3u.o
                0x000001fc                __init
 *(.init0)
 *(.init1)
 *(.init1)
 *(.init2)
 .init2         0x000001fc        0xc c:/program files (x86)/atmel/atmel toolchain/avr8 gcc/native/3.4.1061/avr8-gnu-toolchain/bin/../lib/gcc/avr/4.8.1/../../../../avr/lib/avrxmega4/crtx64a3u.o
 *(.init2)
 *(.init3)
 *(.init3)
 *(.init4)
 .init4         0x00000208       0x1a c:/program files (x86)/atmel/atmel toolchain/avr8 gcc/native/3.4.1061/avr8-gnu-toolchain/bin/../lib/gcc/avr/4.8.1/avrxmega4\libgcc.a(_copy_data.o)
                0x00000208                __do_copy_data
 .init4         0x00000222       0x10 c:/program files (x86)/atmel/atmel toolchain/avr8 gcc/native/3.4.1061/avr8-gnu-toolchain/bin/../lib/gcc/avr/4.8.1/avrxmega4\libgcc.a(_clear_bss.o)
                0x00000222                __do_clear_bss
 *(.init4)
 *(.init5)
 *(.init5)
 *(.init6)
 *(.init6)
 *(.init7)
 *(.init7)
 *(.init8)
 *(.init8)
 *(.init9)
 .init9         0x00000232        0x6 c:/program files (x86)/atmel/atmel toolchain/avr8 gcc/native/3.4.1061/avr8-gnu-toolchain/bin/../lib/gcc/avr/4.8.1/../../../../avr/lib/avrxmega4/crtx64a3u.o
 *(.init9)
 *(.text)
 .text          0x00000238        0x2 c:/program files (x86)/atmel/atmel toolchain/avr8 gcc/native/3.4.1061/avr8-gnu-toolchain/bin/../lib/gcc/avr/4.8.1/../../../../avr/lib/avrxmega4/crtx64a3u.o
                0x00000238                __vector_38
                0x00000238                __vector_104
                0x00000238                __vector_63
                0x00000238                __vector_28
                0x00000238                __vector_67
                0x00000238                __vector_1
                0x00000238                __vector_32
                0x00000238                __vector_75
                0x00000238                __vector_71
                0x00000238                __vector_91
                0x00000238                __vector_34
                0x00000238                __vector_62
                0x00000238                __vector_102
                0x00000238                __vector_24
                0x00000238                __vector_12
                0x00000238                __vector_69
                0x00000238                __vector_90
                0x00000238                __vector_46
                0x00000238                __bad_interrupt
                0x00000238                __vector_122
                0x00000238                __vector_72
                0x00000238                __vector_114
                0x00000238                __vector_6
                0x00000238                __vector_31
                0x00000238                __vector_92
                0x00000238                __vector_35
                0x00000238                __vector_74
                0x00000238                __vector_117
                0x00000238                __vector_39
                0x00000238                __vector_107
                0x00000238                __vector_3
                0x00000238                __vector_105
                0x00000238                __vector_98
                0x00000238                __vector_68
                0x00000238                __vector_30
                0x00000238                __vector_73
                0x00000238                __vector_45
                0x00000238                __vector_25
                0x00000238                __vector_93
                0x00000238                __vector_61
                0x00000238                __vector_11
                0x00000238                __vector_99
                0x00000238                __vector_13
                0x00000238                __vector_7
                0x00000238                __vector_125
                0x00000238                __vector_123
                0x00000238                __vector_41
                0x00000238                __vector_100
                0x00000238                __vector_101
                0x00000238                __vector_64
                0x00000238                __vector_88
                0x00000238                __vector_43
                0x00000238                __vector_27
                0x00000238                __vector_5
                0x00000238                __vector_33
                0x00000238                __vector_76
                0x00000238                __vector_115
                0x00000238                __vector_37
                0x00000238                __vector_95
                0x00000238                __vector_103
                0x00000238                __vector_96
                0x00000238                __vector_89
                0x00000238                __vector_4
                0x00000238                __vector_44
                0x00000238                __vector_106
                0x00000238                __vector_118
                0x00000238                __vector_9
                0x00000238                __vector_2
                0x00000238                __vector_66
                0x00000238                __vector_36
                0x00000238                __vector_58
                0x00000238                __vector_70
                0x00000238                __vector_29
                0x00000238                __vector_60
                0x00000238                __vector_40
                0x00000238                __vector_94
                0x00000238                __vector_126
                0x00000238                __vector_8
                0x00000238                __vector_26
                0x00000238                __vector_124
                0x00000238                __vector_116
                0x00000238                __vector_57
                0x00000238                __vector_10
                0x00000238                __vector_59
                0x00000238                __vector_97
                0x00000238                __vector_42
                0x00000238                __vector_87
                0x00000238                __vector_65
                0x00000238                __vector_120
                0x0000023a                . = ALIGN (0x2)
 *(.text.*)
 .text.board_init
                0x0000023a       0x6e src/asf/common/boards/user_board/init.o
                0x0000023a                board_init
 .text.uart_getcharF0
                0x000002a8       0x3a src/mainAangepast.o
                0x000002a8                uart_getcharF0
 .text.uart_putcharF0
                0x000002e2       0x54 src/mainAangepast.o
                0x000002e2                uart_putcharF0
 .text.crc8     0x00000336       0x46 src/mainAangepast.o
 .text.drv_disable
                0x0000037c       0x26 src/mainAangepast.o
 .text.VelocityControl
                0x000003a2      0x4e6 src/mainAangepast.o
 .text.PWMtop   0x00000888      0x3a4 src/mainAangepast.o
 .text.__vector_119
                0x00000c2c       0x70 src/mainAangepast.o
                0x00000c2c                __vector_119
 .text.__vector_121
                0x00000c9c       0x5e src/mainAangepast.o
                0x00000c9c                __vector_121
 .text.main     0x00000cfa      0x4d2 src/mainAangepast.o
                0x00000cfa                main
 .text.sysclk_init
                0x000011cc       0x80 src/asf/common/services/clock/xmega/sysclk.o
                0x000011cc                sysclk_init
 .text.sysclk_enable_module
                0x0000124c       0x16 src/asf/common/services/clock/xmega/sysclk.o
                0x0000124c                sysclk_enable_module
 .text.sysclk_disable_module
                0x00001262       0x14 src/asf/common/services/clock/xmega/sysclk.o
                0x00001262                sysclk_disable_module
 .text.spi_master_init
                0x00001276       0x44 src/asf/common/services/spi/xmega_spi/spi_master.o
                0x00001276                spi_master_init
 .text.spi_master_setup_device
                0x000012ba       0x3e src/asf/common/services/spi/xmega_spi/spi_master.o
                0x000012ba                spi_master_setup_device
 .text.adc_enable_clock
                0x000012f8       0x42 src/asf/xmega/drivers/adc/adc.o
                0x000012f8                adc_enable_clock
 .text.adc_disable_clock
                0x0000133a       0x3e src/asf/xmega/drivers/adc/adc.o
                0x0000133a                adc_disable_clock
 .text.adc_enable
                0x00001378       0x2e src/asf/xmega/drivers/adc/adc.o
                0x00001378                adc_enable
 .text.adc_write_configuration
                0x000013a6       0xa2 src/asf/xmega/drivers/adc/xmega_aau/adc_aau.o
                0x000013a6                adc_write_configuration
 .text.adc_read_configuration
                0x00001448       0x46 src/asf/xmega/drivers/adc/xmega_aau/adc_aau.o
                0x00001448                adc_read_configuration
 .text.adcch_write_configuration
                0x0000148e       0x72 src/asf/xmega/drivers/adc/xmega_aau/adc_aau.o
                0x0000148e                adcch_write_configuration
 .text.adcch_read_configuration
                0x00001500       0x74 src/asf/xmega/drivers/adc/xmega_aau/adc_aau.o
                0x00001500                adcch_read_configuration
 .text.ccp_write_io
                0x00001574        0xc src/asf/xmega/drivers/cpu/ccp.o
                0x00001574                ccp_write_io
 .text.nvm_read_byte
                0x00001580       0x14 src/asf/xmega/drivers/nvm/nvm_asm.o
                0x00001580                nvm_read_byte
 .text.spi_xmega_set_baud_div
                0x00001594       0x90 src/asf/xmega/drivers/spi/spi.o
                0x00001594                spi_xmega_set_baud_div
 .text.__vector_14
                0x00001624       0x5a src/asf/xmega/drivers/tc/tc.o
                0x00001624                __vector_14
 .text.__vector_15
                0x0000167e       0x5a src/asf/xmega/drivers/tc/tc.o
                0x0000167e                __vector_15
 .text.__vector_16
                0x000016d8       0x5a src/asf/xmega/drivers/tc/tc.o
                0x000016d8                __vector_16
 .text.__vector_17
                0x00001732       0x5a src/asf/xmega/drivers/tc/tc.o
                0x00001732                __vector_17
 .text.__vector_18
                0x0000178c       0x5a src/asf/xmega/drivers/tc/tc.o
                0x0000178c                __vector_18
 .text.__vector_19
                0x000017e6       0x5a src/asf/xmega/drivers/tc/tc.o
                0x000017e6                __vector_19
 .text.__vector_20
                0x00001840       0x5a src/asf/xmega/drivers/tc/tc.o
                0x00001840                __vector_20
 .text.__vector_21
                0x0000189a       0x5a src/asf/xmega/drivers/tc/tc.o
                0x0000189a                __vector_21
 .text.__vector_22
                0x000018f4       0x5a src/asf/xmega/drivers/tc/tc.o
                0x000018f4                __vector_22
 .text.__vector_23
                0x0000194e       0x5a src/asf/xmega/drivers/tc/tc.o
                0x0000194e                __vector_23
 .text.__vector_77
                0x000019a8       0x5a src/asf/xmega/drivers/tc/tc.o
                0x000019a8                __vector_77
 .text.__vector_78
                0x00001a02       0x5a src/asf/xmega/drivers/tc/tc.o
                0x00001a02                __vector_78
 .text.__vector_79
                0x00001a5c       0x5a src/asf/xmega/drivers/tc/tc.o
                0x00001a5c                __vector_79
 .text.__vector_80
                0x00001ab6       0x5a src/asf/xmega/drivers/tc/tc.o
                0x00001ab6                __vector_80
 .text.__vector_81
                0x00001b10       0x5a src/asf/xmega/drivers/tc/tc.o
                0x00001b10                __vector_81
 .text.__vector_82
                0x00001b6a       0x5a src/asf/xmega/drivers/tc/tc.o
                0x00001b6a                __vector_82
 .text.__vector_83
                0x00001bc4       0x5a src/asf/xmega/drivers/tc/tc.o
                0x00001bc4                __vector_83
 .text.__vector_84
                0x00001c1e       0x5a src/asf/xmega/drivers/tc/tc.o
                0x00001c1e                __vector_84
 .text.__vector_85
                0x00001c78       0x5a src/asf/xmega/drivers/tc/tc.o
                0x00001c78                __vector_85
 .text.__vector_86
                0x00001cd2       0x5a src/asf/xmega/drivers/tc/tc.o
                0x00001cd2                __vector_86
 .text.__vector_47
                0x00001d2c       0x5a src/asf/xmega/drivers/tc/tc.o
                0x00001d2c                __vector_47
 .text.__vector_48
                0x00001d86       0x5a src/asf/xmega/drivers/tc/tc.o
                0x00001d86                __vector_48
 .text.__vector_49
                0x00001de0       0x5a src/asf/xmega/drivers/tc/tc.o
                0x00001de0                __vector_49
 .text.__vector_50
                0x00001e3a       0x5a src/asf/xmega/drivers/tc/tc.o
                0x00001e3a                __vector_50
 .text.__vector_51
                0x00001e94       0x5a src/asf/xmega/drivers/tc/tc.o
                0x00001e94                __vector_51
 .text.__vector_52
                0x00001eee       0x5a src/asf/xmega/drivers/tc/tc.o
                0x00001eee                __vector_52
 .text.__vector_53
                0x00001f48       0x5a src/asf/xmega/drivers/tc/tc.o
                0x00001f48                __vector_53
 .text.__vector_54
                0x00001fa2       0x5a src/asf/xmega/drivers/tc/tc.o
                0x00001fa2                __vector_54
 .text.__vector_55
                0x00001ffc       0x5a src/asf/xmega/drivers/tc/tc.o
                0x00001ffc                __vector_55
 .text.__vector_56
                0x00002056       0x5a src/asf/xmega/drivers/tc/tc.o
                0x00002056                __vector_56
 .text.__vector_108
                0x000020b0       0x5a src/asf/xmega/drivers/tc/tc.o
                0x000020b0                __vector_108
 .text.__vector_109
                0x0000210a       0x5a src/asf/xmega/drivers/tc/tc.o
                0x0000210a                __vector_109
 .text.__vector_110
                0x00002164       0x5a src/asf/xmega/drivers/tc/tc.o
                0x00002164                __vector_110
 .text.__vector_111
                0x000021be       0x5a src/asf/xmega/drivers/tc/tc.o
                0x000021be                __vector_111
 .text.__vector_112
                0x00002218       0x5a src/asf/xmega/drivers/tc/tc.o
                0x00002218                __vector_112
 .text.__vector_113
                0x00002272       0x5a src/asf/xmega/drivers/tc/tc.o
                0x00002272                __vector_113
 .text.tc_enable
                0x000022cc       0xf4 src/asf/xmega/drivers/tc/tc.o
                0x000022cc                tc_enable
 .text.tc_set_overflow_interrupt_callback
                0x000023c0       0x7c src/asf/xmega/drivers/tc/tc.o
                0x000023c0                tc_set_overflow_interrupt_callback
 .text.usart_set_baudrate
                0x0000243c      0x20c src/asf/xmega/drivers/usart/usart.o
                0x0000243c                usart_set_baudrate
 .text.usart_init_rs232
                0x00002648      0x2d8 src/asf/xmega/drivers/usart/usart.o
                0x00002648                usart_init_rs232
 .text.libgcc.div
                0x00002920       0x26 c:/program files (x86)/atmel/atmel toolchain/avr8 gcc/native/3.4.1061/avr8-gnu-toolchain/bin/../lib/gcc/avr/4.8.1/avrxmega4\libgcc.a(_divmodhi4.o)
                0x00002920                _div
                0x00002920                __divmodhi4
 .text.libgcc.div
                0x00002946       0x44 c:/program files (x86)/atmel/atmel toolchain/avr8 gcc/native/3.4.1061/avr8-gnu-toolchain/bin/../lib/gcc/avr/4.8.1/avrxmega4\libgcc.a(_udivmodsi4.o)
                0x00002946                __udivmodsi4
 .text.libgcc.mul
                0x0000298a        0xc c:/program files (x86)/atmel/atmel toolchain/avr8 gcc/native/3.4.1061/avr8-gnu-toolchain/bin/../lib/gcc/avr/4.8.1/avrxmega4\libgcc.a(_mulhisi3.o)
                0x0000298a                __mulhisi3
 .text.libgcc.mul
                0x00002996       0x1e c:/program files (x86)/atmel/atmel toolchain/avr8 gcc/native/3.4.1061/avr8-gnu-toolchain/bin/../lib/gcc/avr/4.8.1/avrxmega4\libgcc.a(_umulhisi3.o)
                0x00002996                __umulhisi3
 .text.libgcc.mul
                0x000029b4        0xc c:/program files (x86)/atmel/atmel toolchain/avr8 gcc/native/3.4.1061/avr8-gnu-toolchain/bin/../lib/gcc/avr/4.8.1/avrxmega4\libgcc.a(_usmulhisi3.o)
                0x000029b4                __usmulhisi3
                0x000029b6                __usmulhisi3_tail
 .text.libgcc.mul
                0x000029c0       0x14 c:/program files (x86)/atmel/atmel toolchain/avr8 gcc/native/3.4.1061/avr8-gnu-toolchain/bin/../lib/gcc/avr/4.8.1/avrxmega4\libgcc.a(_muluhisi3.o)
                0x000029c0                __muluhisi3
 .text.libgcc.div
                0x000029d4       0x28 c:/program files (x86)/atmel/atmel toolchain/avr8 gcc/native/3.4.1061/avr8-gnu-toolchain/bin/../lib/gcc/avr/4.8.1/avrxmega4\libgcc.a(_udivmodhi4.o)
                0x000029d4                __udivmodhi4
 .text.avr-libc.fplib
                0x000029fc        0xa c:/program files (x86)/atmel/atmel toolchain/avr8 gcc/native/3.4.1061/avr8-gnu-toolchain/bin/../lib/gcc/avr/4.8.1/../../../../avr/lib/avrxmega4\libm.a(addsf3.o)
                0x000029fc                __subsf3
                0x000029fe                __addsf3
 .text.avr-libc.fplib
                0x00002a06       0xc0 c:/program files (x86)/atmel/atmel toolchain/avr8 gcc/native/3.4.1061/avr8-gnu-toolchain/bin/../lib/gcc/avr/4.8.1/../../../../avr/lib/avrxmega4\libm.a(addsf3x.o)
                0x00002a20                __addsf3x
 .text.avr-libc.fplib
                0x00002ac6        0x8 c:/program files (x86)/atmel/atmel toolchain/avr8 gcc/native/3.4.1061/avr8-gnu-toolchain/bin/../lib/gcc/avr/4.8.1/../../../../avr/lib/avrxmega4\libm.a(cmpsf2.o)
                0x00002ac6                __nesf2
                0x00002ac6                __eqsf2
                0x00002ac6                __cmpsf2
                0x00002ac6                __ltsf2
                0x00002ac6                __lesf2
 .text.avr-libc.fplib
                0x00002ace        0x4 c:/program files (x86)/atmel/atmel toolchain/avr8 gcc/native/3.4.1061/avr8-gnu-toolchain/bin/../lib/gcc/avr/4.8.1/../../../../avr/lib/avrxmega4\libm.a(divsf3.o)
                0x00002ace                __divsf3
 .text.avr-libc.fplib
                0x00002ad2       0xcc c:/program files (x86)/atmel/atmel toolchain/avr8 gcc/native/3.4.1061/avr8-gnu-toolchain/bin/../lib/gcc/avr/4.8.1/../../../../avr/lib/avrxmega4\libm.a(divsf3x.o)
                0x00002ae8                __divsf3x
                0x00002aec                __divsf3_pse
 .text.avr-libc.fplib
                0x00002b9e        0xa c:/program files (x86)/atmel/atmel toolchain/avr8 gcc/native/3.4.1061/avr8-gnu-toolchain/bin/../lib/gcc/avr/4.8.1/../../../../avr/lib/avrxmega4\libm.a(fixsfsi.o)
                0x00002b9e                __fixsfsi
 .text.avr-libc.fplib
                0x00002ba8       0x58 c:/program files (x86)/atmel/atmel toolchain/avr8 gcc/native/3.4.1061/avr8-gnu-toolchain/bin/../lib/gcc/avr/4.8.1/../../../../avr/lib/avrxmega4\libm.a(fixunssfsi.o)
                0x00002ba8                __fixunssfsi
 .text.avr-libc.fplib
                0x00002c00       0x7a c:/program files (x86)/atmel/atmel toolchain/avr8 gcc/native/3.4.1061/avr8-gnu-toolchain/bin/../lib/gcc/avr/4.8.1/../../../../avr/lib/avrxmega4\libm.a(floatsisf.o)
                0x00002c00                __floatunsisf
                0x00002c04                __floatsisf
 .text.avr-libc.fplib
                0x00002c7a       0x48 c:/program files (x86)/atmel/atmel toolchain/avr8 gcc/native/3.4.1061/avr8-gnu-toolchain/bin/../lib/gcc/avr/4.8.1/../../../../avr/lib/avrxmega4\libm.a(fp_cmp.o)
                0x00002c7a                __fp_cmp
 .text.avr-libc.fplib
                0x00002cc2        0xc c:/program files (x86)/atmel/atmel toolchain/avr8 gcc/native/3.4.1061/avr8-gnu-toolchain/bin/../lib/gcc/avr/4.8.1/../../../../avr/lib/avrxmega4\libm.a(fp_inf.o)
                0x00002cc2                __fp_inf
 .text.avr-libc.fplib
                0x00002cce        0x6 c:/program files (x86)/atmel/atmel toolchain/avr8 gcc/native/3.4.1061/avr8-gnu-toolchain/bin/../lib/gcc/avr/4.8.1/../../../../avr/lib/avrxmega4\libm.a(fp_nan.o)
                0x00002cce                __fp_nan
 .text.avr-libc.fplib
                0x00002cd4        0xe c:/program files (x86)/atmel/atmel toolchain/avr8 gcc/native/3.4.1061/avr8-gnu-toolchain/bin/../lib/gcc/avr/4.8.1/../../../../avr/lib/avrxmega4\libm.a(fp_pscA.o)
                0x00002cd4                __fp_pscA
 .text.avr-libc.fplib
                0x00002ce2        0xe c:/program files (x86)/atmel/atmel toolchain/avr8 gcc/native/3.4.1061/avr8-gnu-toolchain/bin/../lib/gcc/avr/4.8.1/../../../../avr/lib/avrxmega4\libm.a(fp_pscB.o)
                0x00002ce2                __fp_pscB
 .text.avr-libc.fplib
                0x00002cf0       0x22 c:/program files (x86)/atmel/atmel toolchain/avr8 gcc/native/3.4.1061/avr8-gnu-toolchain/bin/../lib/gcc/avr/4.8.1/../../../../avr/lib/avrxmega4\libm.a(fp_round.o)
                0x00002cf0                __fp_round
 .text.avr-libc.fplib
                0x00002d12       0x44 c:/program files (x86)/atmel/atmel toolchain/avr8 gcc/native/3.4.1061/avr8-gnu-toolchain/bin/../lib/gcc/avr/4.8.1/../../../../avr/lib/avrxmega4\libm.a(fp_split3.o)
                0x00002d12                __fp_split3
                0x00002d22                __fp_splitA
 .text.avr-libc.fplib
                0x00002d56        0xe c:/program files (x86)/atmel/atmel toolchain/avr8 gcc/native/3.4.1061/avr8-gnu-toolchain/bin/../lib/gcc/avr/4.8.1/../../../../avr/lib/avrxmega4\libm.a(fp_zero.o)
                0x00002d56                __fp_zero
                0x00002d58                __fp_szero
 .text.avr-libc.fplib
                0x00002d64        0x8 c:/program files (x86)/atmel/atmel toolchain/avr8 gcc/native/3.4.1061/avr8-gnu-toolchain/bin/../lib/gcc/avr/4.8.1/../../../../avr/lib/avrxmega4\libm.a(gesf2.o)
                0x00002d64                __gesf2
                0x00002d64                __gtsf2
                0x00002d6c                . = ALIGN (0x2)
 *(.fini9)
 .fini9         0x00002d6c        0x0 c:/program files (x86)/atmel/atmel toolchain/avr8 gcc/native/3.4.1061/avr8-gnu-toolchain/bin/../lib/gcc/avr/4.8.1/avrxmega4\libgcc.a(_exit.o)
                0x00002d6c                _exit
                0x00002d6c                exit
 *(.fini9)
 *(.fini8)
 *(.fini8)
 *(.fini7)
 *(.fini7)
 *(.fini6)
 *(.fini6)
 *(.fini5)
 *(.fini5)
 *(.fini4)
 *(.fini4)
 *(.fini3)
 *(.fini3)
 *(.fini2)
 *(.fini2)
 *(.fini1)
 *(.fini1)
 *(.fini0)
 .fini0         0x00002d6c        0x4 c:/program files (x86)/atmel/atmel toolchain/avr8 gcc/native/3.4.1061/avr8-gnu-toolchain/bin/../lib/gcc/avr/4.8.1/avrxmega4\libgcc.a(_exit.o)
 *(.fini0)
                0x00002d70                _etext = .

.data           0x00802000       0x1c load address 0x00002d70
                0x00802000                PROVIDE (__data_start, .)
 *(.data)
 *(.data*)
 .data.mystdin  0x00802000        0xe src/mainAangepast.o
 .data.mystdout
                0x0080200e        0xe src/mainAangepast.o
 *(.rodata)
 *(.rodata*)
 *(.gnu.linkonce.d*)
                0x0080201c                . = ALIGN (0x2)
                0x0080201c                _edata = .
                0x0080201c                PROVIDE (__data_end, .)

.bss            0x0080201c      0x22d
                0x0080201c                PROVIDE (__bss_start, .)
 *(.bss)
 *(.bss*)
 .bss.tx_counter_USARTF0
                0x0080201c        0x1 src/mainAangepast.o
                0x0080201c                tx_counter_USARTF0
 .bss.tx_rd_index_USARTF0
                0x0080201d        0x1 src/mainAangepast.o
                0x0080201d                tx_rd_index_USARTF0
 .bss.tx_wr_index_USARTF0
                0x0080201e        0x1 src/mainAangepast.o
                0x0080201e                tx_wr_index_USARTF0
 .bss.rx_buffer_overflow_USARTF0
                0x0080201f        0x1 src/mainAangepast.o
                0x0080201f                rx_buffer_overflow_USARTF0
 .bss.rx_counter_USARTF0
                0x00802020        0x1 src/mainAangepast.o
                0x00802020                rx_counter_USARTF0
 .bss.rx_rd_index_USARTF0
                0x00802021        0x1 src/mainAangepast.o
                0x00802021                rx_rd_index_USARTF0
 .bss.rx_wr_index_USARTF0
                0x00802022        0x1 src/mainAangepast.o
                0x00802022                rx_wr_index_USARTF0
 .bss.i_setpoint
                0x00802023        0x2 src/mainAangepast.o
                0x00802023                i_setpoint
 .bss.adcb_enable_count
                0x00802025        0x1 src/asf/xmega/drivers/adc/adc.o
 .bss.adca_enable_count
                0x00802026        0x1 src/asf/xmega/drivers/adc/adc.o
 .bss.tc_tcf0_ccd_callback
                0x00802027        0x2 src/asf/xmega/drivers/tc/tc.o
 .bss.tc_tcf0_ccc_callback
                0x00802029        0x2 src/asf/xmega/drivers/tc/tc.o
 .bss.tc_tcf0_ccb_callback
                0x0080202b        0x2 src/asf/xmega/drivers/tc/tc.o
 .bss.tc_tcf0_cca_callback
                0x0080202d        0x2 src/asf/xmega/drivers/tc/tc.o
 .bss.tc_tcf0_err_callback
                0x0080202f        0x2 src/asf/xmega/drivers/tc/tc.o
 .bss.tc_tcf0_ovf_callback
                0x00802031        0x2 src/asf/xmega/drivers/tc/tc.o
 .bss.tc_tce1_ccb_callback
                0x00802033        0x2 src/asf/xmega/drivers/tc/tc.o
 .bss.tc_tce1_cca_callback
                0x00802035        0x2 src/asf/xmega/drivers/tc/tc.o
 .bss.tc_tce1_err_callback
                0x00802037        0x2 src/asf/xmega/drivers/tc/tc.o
 .bss.tc_tce1_ovf_callback
                0x00802039        0x2 src/asf/xmega/drivers/tc/tc.o
 .bss.tc_tce0_ccd_callback
                0x0080203b        0x2 src/asf/xmega/drivers/tc/tc.o
 .bss.tc_tce0_ccc_callback
                0x0080203d        0x2 src/asf/xmega/drivers/tc/tc.o
 .bss.tc_tce0_ccb_callback
                0x0080203f        0x2 src/asf/xmega/drivers/tc/tc.o
 .bss.tc_tce0_cca_callback
                0x00802041        0x2 src/asf/xmega/drivers/tc/tc.o
 .bss.tc_tce0_err_callback
                0x00802043        0x2 src/asf/xmega/drivers/tc/tc.o
 .bss.tc_tce0_ovf_callback
                0x00802045        0x2 src/asf/xmega/drivers/tc/tc.o
 .bss.tc_tcd1_ccb_callback
                0x00802047        0x2 src/asf/xmega/drivers/tc/tc.o
 .bss.tc_tcd1_cca_callback
                0x00802049        0x2 src/asf/xmega/drivers/tc/tc.o
 .bss.tc_tcd1_err_callback
                0x0080204b        0x2 src/asf/xmega/drivers/tc/tc.o
 .bss.tc_tcd1_ovf_callback
                0x0080204d        0x2 src/asf/xmega/drivers/tc/tc.o
 .bss.tc_tcd0_ccd_callback
                0x0080204f        0x2 src/asf/xmega/drivers/tc/tc.o
 .bss.tc_tcd0_ccc_callback
                0x00802051        0x2 src/asf/xmega/drivers/tc/tc.o
 .bss.tc_tcd0_ccb_callback
                0x00802053        0x2 src/asf/xmega/drivers/tc/tc.o
 .bss.tc_tcd0_cca_callback
                0x00802055        0x2 src/asf/xmega/drivers/tc/tc.o
 .bss.tc_tcd0_err_callback
                0x00802057        0x2 src/asf/xmega/drivers/tc/tc.o
 .bss.tc_tcd0_ovf_callback
                0x00802059        0x2 src/asf/xmega/drivers/tc/tc.o
 .bss.tc_tcc1_ccb_callback
                0x0080205b        0x2 src/asf/xmega/drivers/tc/tc.o
 .bss.tc_tcc1_cca_callback
                0x0080205d        0x2 src/asf/xmega/drivers/tc/tc.o
 .bss.tc_tcc1_err_callback
                0x0080205f        0x2 src/asf/xmega/drivers/tc/tc.o
 .bss.tc_tcc1_ovf_callback
                0x00802061        0x2 src/asf/xmega/drivers/tc/tc.o
 .bss.tc_tcc0_ccd_callback
                0x00802063        0x2 src/asf/xmega/drivers/tc/tc.o
 .bss.tc_tcc0_ccc_callback
                0x00802065        0x2 src/asf/xmega/drivers/tc/tc.o
 .bss.tc_tcc0_ccb_callback
                0x00802067        0x2 src/asf/xmega/drivers/tc/tc.o
 .bss.tc_tcc0_cca_callback
                0x00802069        0x2 src/asf/xmega/drivers/tc/tc.o
 .bss.tc_tcc0_err_callback
                0x0080206b        0x2 src/asf/xmega/drivers/tc/tc.o
 .bss.tc_tcc0_ovf_callback
                0x0080206d        0x2 src/asf/xmega/drivers/tc/tc.o
 *(COMMON)
 COMMON         0x0080206f      0x1ce src/mainAangepast.o
                0x0080206f                prevDRVwr
                0x00802071                conv_trig
                0x00802073                DRVreg
                0x0080207b                fControl
                0x0080207f                wdcnt
                0x00802080                ADCso2
                0x00802082                iPreviousError
                0x00802084                DRVwr
                0x00802086                cmode
                0x00802087                qei_raw
                0x00802089                DRVt2
                0x0080208a                adcch_conf
                0x0080208e                DRVt1
                0x0080208f                senable
                0x00802090                ntccnt
                0x00802091                qei_prev
                0x00802093                adctoggle
                0x00802094                setpoint
                0x00802096                tcnt
                0x00802098                DRVr2
                0x00802099                pwmdir
                0x0080209a                i_i
                0x0080209e                iPreviousValue
                0x008020a0                ADCntc2
                0x008020a2                ADCntc
                0x008020a4                cv_U
                0x008020a6                qei_val
                0x008020a8                iKp
                0x008020aa                cv_I2
                0x008020ac                smode
                0x008020ad                iKi
                0x008020af                DRVadr
                0x008020b1                undervoltage
                0x008020b2                iError
                0x008020b4                i_con
                0x008020b6                inpacket
                0x008020be                DRVraw
                0x008020c0                ADCso1
                0x008020c2                I_meas
                0x008020c4                PWMgain
                0x008020c6                outpacket
                0x008020cd                overtemp
                0x008020ce                iMeasuredValue
                0x008020d0                i_err
                0x008020d2                cv_b
                0x008020d4                calstate
                0x008020d5                iControlParameters
                0x008020d7                iqei_raw
                0x008020d9                DRVstate
                0x008020db                controltick
                0x008020dc                iDifference
                0x008020de                so1_zero
                0x008020e0                tx_buffer_USARTF0
                0x008021da                iIntegral
                0x008021dc                caldone
                0x008021dd                ifilt
                0x008021df                rx_buffer_USARTF0
                0x0080221f                cal_a2
                0x00802221                DRVr1
                0x00802222                tcnt2
                0x00802224                setpoint_relative_speed
                0x00802226                cenable
                0x00802227                so2_zero
                0x00802229                ADCvpwr
                0x0080222b                cal_a1
                0x0080222d                cv_I
                0x0080222f                relative_speed
                0x00802231                ifcnt
                0x00802232                rcrc
                0x00802233                intcnt
                0x00802235                iMeasuredVelocity
                0x00802237                cv_a
                0x00802239                ifiltsum
                0x0080223b                qei_delta
 COMMON         0x0080223d        0x6 src/asf/common/services/sleepmgr/xmega/sleepmgr.o
                0x0080223d                sleepmgr_locks
 COMMON         0x00802243        0x6 c:/program files (x86)/atmel/atmel toolchain/avr8 gcc/native/3.4.1061/avr8-gnu-toolchain/bin/../lib/gcc/avr/4.8.1/../../../../avr/lib/avrxmega4\libc.a(iob.o)
                0x00802243                __iob
                0x00802249                PROVIDE (__bss_end, .)
                0x00002d70                __data_load_start = LOADADDR (.data)
                0x00002d8c                __data_load_end = (__data_load_start + SIZEOF (.data))

.noinit         0x00802249        0x0
                0x00802249                PROVIDE (__noinit_start, .)
 *(.noinit*)
                0x00802249                PROVIDE (__noinit_end, .)
                0x00802249                _end = .
                0x00802249                PROVIDE (__heap_start, .)

.eeprom         0x00810000        0x0
 *(.eeprom*)
                0x00810000                __eeprom_end = .

.fuse
 *(.fuse)
 *(.lfuse)
 *(.hfuse)
 *(.efuse)

.lock
 *(.lock*)

.signature
 *(.signature*)

.user_signatures
 *(.user_signatures*)

.stab
 *(.stab)

.stabstr
 *(.stabstr)

.stab.excl
 *(.stab.excl)

.stab.exclstr
 *(.stab.exclstr)

.stab.index
 *(.stab.index)

.stab.indexstr
 *(.stab.indexstr)

.comment        0x00000000       0x30
 *(.comment)
 .comment       0x00000000       0x30 src/asf/common/boards/user_board/init.o
                                 0x31 (size before relaxing)
 .comment       0x00000000       0x31 src/mainAangepast.o
 .comment       0x00000000       0x31 src/asf/common/services/clock/xmega/sysclk.o
 .comment       0x00000000       0x31 src/asf/common/services/sleepmgr/xmega/sleepmgr.o
 .comment       0x00000000       0x31 src/asf/common/services/spi/xmega_spi/spi_master.o
 .comment       0x00000000       0x31 src/asf/xmega/drivers/adc/adc.o
 .comment       0x00000000       0x31 src/asf/xmega/drivers/adc/xmega_aau/adc_aau.o
 .comment       0x00000000       0x31 src/asf/xmega/drivers/spi/spi.o
 .comment       0x00000000       0x31 src/asf/xmega/drivers/tc/tc.o
 .comment       0x00000000       0x31 src/asf/xmega/drivers/usart/usart.o
 .comment       0x00000000       0x31 c:/program files (x86)/atmel/atmel toolchain/avr8 gcc/native/3.4.1061/avr8-gnu-toolchain/bin/../lib/gcc/avr/4.8.1/../../../../avr/lib/avrxmega4\libc.a(iob.o)

.note.gnu.build-id
 *(.note.gnu.build-id)

.debug
 *(.debug)

.line
 *(.line)

.debug_srcinfo
 *(.debug_srcinfo)

.debug_sfnames
 *(.debug_sfnames)

.debug_aranges  0x00000000      0x3d0
 *(.debug_aranges)
 .debug_aranges
                0x00000000       0x20 src/asf/common/boards/user_board/init.o
 .debug_aranges
                0x00000020       0x60 src/mainAangepast.o
 .debug_aranges
                0x00000080       0x40 src/asf/common/services/clock/xmega/sysclk.o
 .debug_aranges
                0x000000c0       0x18 src/asf/common/services/sleepmgr/xmega/sleepmgr.o
 .debug_aranges
                0x000000d8       0x48 src/asf/common/services/spi/xmega_spi/spi_master.o
 .debug_aranges
                0x00000120       0x40 src/asf/xmega/drivers/adc/adc.o
 .debug_aranges
                0x00000160       0x38 src/asf/xmega/drivers/adc/xmega_aau/adc_aau.o
 .debug_aranges
                0x00000198       0x20 src/asf/xmega/drivers/cpu/ccp.o
 .debug_aranges
                0x000001b8       0x28 src/asf/xmega/drivers/nvm/nvm_asm.o
 .debug_aranges
                0x000001e0       0x20 src/asf/xmega/drivers/spi/spi.o
 .debug_aranges
                0x00000200      0x178 src/asf/xmega/drivers/tc/tc.o
 .debug_aranges
                0x00000378       0x58 src/asf/xmega/drivers/usart/usart.o

.debug_pubnames
 *(.debug_pubnames)

.debug_info     0x00000000     0xcced
 *(.debug_info .gnu.linkonce.wi.*)
 .debug_info    0x00000000      0xbad src/asf/common/boards/user_board/init.o
 .debug_info    0x00000bad     0x43e8 src/mainAangepast.o
 .debug_info    0x00004f95      0xb3e src/asf/common/services/clock/xmega/sysclk.o
 .debug_info    0x00005ad3      0x121 src/asf/common/services/sleepmgr/xmega/sleepmgr.o
 .debug_info    0x00005bf4      0xc13 src/asf/common/services/spi/xmega_spi/spi_master.o
 .debug_info    0x00006807      0x9e2 src/asf/xmega/drivers/adc/adc.o
 .debug_info    0x000071e9      0xd96 src/asf/xmega/drivers/adc/xmega_aau/adc_aau.o
 .debug_info    0x00007f7f       0xbd src/asf/xmega/drivers/cpu/ccp.o
 .debug_info    0x0000803c       0xbd src/asf/xmega/drivers/nvm/nvm_asm.o
 .debug_info    0x000080f9      0x1b9 src/asf/xmega/drivers/spi/spi.o
 .debug_info    0x000082b2     0x19cf src/asf/xmega/drivers/tc/tc.o
 .debug_info    0x00009c81     0x306c src/asf/xmega/drivers/usart/usart.o

.debug_abbrev   0x00000000     0x1a1d
 *(.debug_abbrev)
 .debug_abbrev  0x00000000      0x1e3 src/asf/common/boards/user_board/init.o
 .debug_abbrev  0x000001e3      0x532 src/mainAangepast.o
 .debug_abbrev  0x00000715      0x28f src/asf/common/services/clock/xmega/sysclk.o
 .debug_abbrev  0x000009a4       0x80 src/asf/common/services/sleepmgr/xmega/sleepmgr.o
 .debug_abbrev  0x00000a24      0x28b src/asf/common/services/spi/xmega_spi/spi_master.o
 .debug_abbrev  0x00000caf      0x281 src/asf/xmega/drivers/adc/adc.o
 .debug_abbrev  0x00000f30      0x354 src/asf/xmega/drivers/adc/xmega_aau/adc_aau.o
 .debug_abbrev  0x00001284       0x14 src/asf/xmega/drivers/cpu/ccp.o
 .debug_abbrev  0x00001298       0x12 src/asf/xmega/drivers/nvm/nvm_asm.o
 .debug_abbrev  0x000012aa       0xf6 src/asf/xmega/drivers/spi/spi.o
 .debug_abbrev  0x000013a0      0x2a7 src/asf/xmega/drivers/tc/tc.o
 .debug_abbrev  0x00001647      0x3d6 src/asf/xmega/drivers/usart/usart.o

.debug_line     0x00000000     0x5f4e
 *(.debug_line .debug_line.* .debug_line_end)
 .debug_line    0x00000000      0x941 src/asf/common/boards/user_board/init.o
 .debug_line    0x00000941     0x1337 src/mainAangepast.o
 .debug_line    0x00001c78      0x6b3 src/asf/common/services/clock/xmega/sysclk.o
 .debug_line    0x0000232b      0x430 src/asf/common/services/sleepmgr/xmega/sleepmgr.o
 .debug_line    0x0000275b      0x75a src/asf/common/services/spi/xmega_spi/spi_master.o
 .debug_line    0x00002eb5      0x718 src/asf/xmega/drivers/adc/adc.o
 .debug_line    0x000035cd      0x85f src/asf/xmega/drivers/adc/xmega_aau/adc_aau.o
 .debug_line    0x00003e2c       0x6e src/asf/xmega/drivers/cpu/ccp.o
 .debug_line    0x00003e9a      0x11f src/asf/xmega/drivers/nvm/nvm_asm.o
 .debug_line    0x00003fb9      0x4d1 src/asf/xmega/drivers/spi/spi.o
 .debug_line    0x0000448a      0xe7a src/asf/xmega/drivers/tc/tc.o
 .debug_line    0x00005304      0xc4a src/asf/xmega/drivers/usart/usart.o

.debug_frame    0x00000000     0x126c
 *(.debug_frame)
 .debug_frame   0x00000000       0x30 src/asf/common/boards/user_board/init.o
 .debug_frame   0x00000030      0x14c src/mainAangepast.o
 .debug_frame   0x0000017c       0x64 src/asf/common/services/clock/xmega/sysclk.o
 .debug_frame   0x000001e0       0x9c src/asf/common/services/spi/xmega_spi/spi_master.o
 .debug_frame   0x0000027c       0x7c src/asf/xmega/drivers/adc/adc.o
 .debug_frame   0x000002f8       0xe4 src/asf/xmega/drivers/adc/xmega_aau/adc_aau.o
 .debug_frame   0x000003dc       0x4c src/asf/xmega/drivers/spi/spi.o
 .debug_frame   0x00000428      0xd04 src/asf/xmega/drivers/tc/tc.o
 .debug_frame   0x0000112c      0x140 src/asf/xmega/drivers/usart/usart.o

.debug_str      0x00000000    0x2aac5
 *(.debug_str)
 .debug_str     0x00000000    0x2627d src/asf/common/boards/user_board/init.o
                              0x268e3 (size before relaxing)
 .debug_str     0x0002627d     0x30ba src/mainAangepast.o
                              0x29a2f (size before relaxing)
 .debug_str     0x00029337      0x2f3 src/asf/common/services/clock/xmega/sysclk.o
                              0x251d5 (size before relaxing)
 .debug_str     0x0002962a       0xb3 src/asf/common/services/sleepmgr/xmega/sleepmgr.o
                              0x23e07 (size before relaxing)
 .debug_str     0x000296dd      0x1e6 src/asf/common/services/spi/xmega_spi/spi_master.o
                              0x25936 (size before relaxing)
 .debug_str     0x000298c3      0x1b5 src/asf/xmega/drivers/adc/adc.o
                              0x259a0 (size before relaxing)
 .debug_str     0x00029a78      0x45e src/asf/xmega/drivers/adc/xmega_aau/adc_aau.o
                              0x25bde (size before relaxing)
 .debug_str     0x00029ed6       0xb1 src/asf/xmega/drivers/spi/spi.o
                              0x24067 (size before relaxing)
 .debug_str     0x00029f87      0x646 src/asf/xmega/drivers/tc/tc.o
                              0x25b4c (size before relaxing)
 .debug_str     0x0002a5cd      0x4f8 src/asf/xmega/drivers/usart/usart.o
                              0x26417 (size before relaxing)

.debug_loc      0x00000000     0x4b08
 *(.debug_loc)
 .debug_loc     0x00000000       0x2f src/asf/common/boards/user_board/init.o
 .debug_loc     0x0000002f      0x9da src/mainAangepast.o
 .debug_loc     0x00000a09      0x351 src/asf/common/services/clock/xmega/sysclk.o
 .debug_loc     0x00000d5a      0x54e src/asf/common/services/spi/xmega_spi/spi_master.o
 .debug_loc     0x000012a8      0x1f0 src/asf/xmega/drivers/adc/adc.o
 .debug_loc     0x00001498      0x71d src/asf/xmega/drivers/adc/xmega_aau/adc_aau.o
 .debug_loc     0x00001bb5      0x105 src/asf/xmega/drivers/spi/spi.o
 .debug_loc     0x00001cba     0x1ec6 src/asf/xmega/drivers/tc/tc.o
 .debug_loc     0x00003b80      0xf88 src/asf/xmega/drivers/usart/usart.o

.debug_macinfo
 *(.debug_macinfo)

.debug_weaknames
 *(.debug_weaknames)

.debug_funcnames
 *(.debug_funcnames)

.debug_typenames
 *(.debug_typenames)

.debug_varnames
 *(.debug_varnames)

.debug_pubtypes
 *(.debug_pubtypes)

.debug_ranges   0x00000000      0x380
 *(.debug_ranges)
 .debug_ranges  0x00000000       0x10 src/asf/common/boards/user_board/init.o
 .debug_ranges  0x00000010       0x98 src/mainAangepast.o
 .debug_ranges  0x000000a8       0x30 src/asf/common/services/clock/xmega/sysclk.o
 .debug_ranges  0x000000d8       0x38 src/asf/common/services/spi/xmega_spi/spi_master.o
 .debug_ranges  0x00000110       0x30 src/asf/xmega/drivers/adc/adc.o
 .debug_ranges  0x00000140       0x28 src/asf/xmega/drivers/adc/xmega_aau/adc_aau.o
 .debug_ranges  0x00000168       0x20 src/asf/xmega/drivers/nvm/nvm_asm.o
 .debug_ranges  0x00000188       0x10 src/asf/xmega/drivers/spi/spi.o
 .debug_ranges  0x00000198      0x168 src/asf/xmega/drivers/tc/tc.o
 .debug_ranges  0x00000300       0x80 src/asf/xmega/drivers/usart/usart.o

.debug_macro    0x00000000     0xa561
 *(.debug_macro)
 .debug_macro   0x00000000      0x33f src/asf/common/boards/user_board/init.o
 .debug_macro   0x0000033f      0xa4e src/asf/common/boards/user_board/init.o
 .debug_macro   0x00000d8d       0x10 src/asf/common/boards/user_board/init.o
 .debug_macro   0x00000d9d      0x1ad src/asf/common/boards/user_board/init.o
 .debug_macro   0x00000f4a      0x293 src/asf/common/boards/user_board/init.o
 .debug_macro   0x000011dd       0x9e src/asf/common/boards/user_board/init.o
 .debug_macro   0x0000127b     0x5cc1 src/asf/common/boards/user_board/init.o
 .debug_macro   0x00006f3c       0x9a src/asf/common/boards/user_board/init.o
 .debug_macro   0x00006fd6       0xf1 src/asf/common/boards/user_board/init.o
 .debug_macro   0x000070c7       0x34 src/asf/common/boards/user_board/init.o
 .debug_macro   0x000070fb       0x10 src/asf/common/boards/user_board/init.o
 .debug_macro   0x0000710b       0x18 src/asf/common/boards/user_board/init.o
 .debug_macro   0x00007123       0x5e src/asf/common/boards/user_board/init.o
 .debug_macro   0x00007181       0x10 src/asf/common/boards/user_board/init.o
 .debug_macro   0x00007191       0x22 src/asf/common/boards/user_board/init.o
 .debug_macro   0x000071b3      0x166 src/asf/common/boards/user_board/init.o
 .debug_macro   0x00007319       0x1c src/asf/common/boards/user_board/init.o
 .debug_macro   0x00007335       0x35 src/asf/common/boards/user_board/init.o
 .debug_macro   0x0000736a       0x66 src/asf/common/boards/user_board/init.o
 .debug_macro   0x000073d0      0x29a src/asf/common/boards/user_board/init.o
 .debug_macro   0x0000766a       0x97 src/asf/common/boards/user_board/init.o
 .debug_macro   0x00007701       0x17 src/asf/common/boards/user_board/init.o
 .debug_macro   0x00007718      0x250 src/asf/common/boards/user_board/init.o
 .debug_macro   0x00007968       0x76 src/asf/common/boards/user_board/init.o
 .debug_macro   0x000079de       0x16 src/asf/common/boards/user_board/init.o
 .debug_macro   0x000079f4      0x6e0 src/asf/common/boards/user_board/init.o
 .debug_macro   0x000080d4       0x10 src/asf/common/boards/user_board/init.o
 .debug_macro   0x000080e4      0x175 src/asf/common/boards/user_board/init.o
 .debug_macro   0x00008259       0x40 src/asf/common/boards/user_board/init.o
 .debug_macro   0x00008299       0x69 src/asf/common/boards/user_board/init.o
 .debug_macro   0x00008302       0x32 src/asf/common/boards/user_board/init.o
 .debug_macro   0x00008334       0x20 src/asf/common/boards/user_board/init.o
 .debug_macro   0x00008354       0x5e src/asf/common/boards/user_board/init.o
 .debug_macro   0x000083b2       0x10 src/asf/common/boards/user_board/init.o
 .debug_macro   0x000083c2       0x34 src/asf/common/boards/user_board/init.o
 .debug_macro   0x000083f6      0x186 src/asf/common/boards/user_board/init.o
 .debug_macro   0x0000857c       0x6a src/asf/common/boards/user_board/init.o
 .debug_macro   0x000085e6       0x1c src/asf/common/boards/user_board/init.o
 .debug_macro   0x00008602       0x7b src/asf/common/boards/user_board/init.o
 .debug_macro   0x0000867d       0x2f src/asf/common/boards/user_board/init.o
 .debug_macro   0x000086ac      0x15b src/asf/common/boards/user_board/init.o
 .debug_macro   0x00008807       0xa9 src/asf/common/boards/user_board/init.o
 .debug_macro   0x000088b0       0x34 src/asf/common/boards/user_board/init.o
 .debug_macro   0x000088e4       0x28 src/asf/common/boards/user_board/init.o
 .debug_macro   0x0000890c       0x22 src/asf/common/boards/user_board/init.o
 .debug_macro   0x0000892e       0x10 src/asf/common/boards/user_board/init.o
 .debug_macro   0x0000893e       0x82 src/asf/common/boards/user_board/init.o
 .debug_macro   0x000089c0      0x109 src/asf/common/boards/user_board/init.o
 .debug_macro   0x00008ac9       0x12 src/asf/common/boards/user_board/init.o
 .debug_macro   0x00008adb       0x2e src/asf/common/boards/user_board/init.o
 .debug_macro   0x00008b09       0x58 src/asf/common/boards/user_board/init.o
 .debug_macro   0x00008b61       0x10 src/asf/common/boards/user_board/init.o
 .debug_macro   0x00008b71       0xeb src/asf/common/boards/user_board/init.o
 .debug_macro   0x00008c5c       0x3a src/asf/common/boards/user_board/init.o
 .debug_macro   0x00008c96      0x470 src/mainAangepast.o
 .debug_macro   0x00009106       0x16 src/mainAangepast.o
 .debug_macro   0x0000911c      0x167 src/mainAangepast.o
 .debug_macro   0x00009283      0x1e5 src/asf/common/services/clock/xmega/sysclk.o
 .debug_macro   0x00009468       0x26 src/asf/common/services/clock/xmega/sysclk.o
 .debug_macro   0x0000948e      0x19e src/asf/common/services/sleepmgr/xmega/sleepmgr.o
 .debug_macro   0x0000962c      0x22e src/asf/common/services/spi/xmega_spi/spi_master.o
 .debug_macro   0x0000985a      0x23a src/asf/xmega/drivers/adc/adc.o
 .debug_macro   0x00009a94      0x23a src/asf/xmega/drivers/adc/xmega_aau/adc_aau.o
 .debug_macro   0x00009cce      0x1a1 src/asf/xmega/drivers/spi/spi.o
 .debug_macro   0x00009e6f      0x22f src/asf/xmega/drivers/tc/tc.o
 .debug_macro   0x0000a09e      0x299 src/asf/xmega/drivers/tc/tc.o
 .debug_macro   0x0000a337      0x22a src/asf/xmega/drivers/usart/usart.o
OUTPUT(5KdriveV11.elf elf32-avr)
LOAD linker stubs
