Archive member included because of file (symbol)

c:/program files (x86)/atmel/atmel toolchain/avr8 gcc/native/3.4.1061/avr8-gnu-toolchain/bin/../lib/gcc/avr/4.8.1/avrxmega4\libgcc.a(_exit.o)
                              c:/program files (x86)/atmel/atmel toolchain/avr8 gcc/native/3.4.1061/avr8-gnu-toolchain/bin/../lib/gcc/avr/4.8.1/../../../../avr/lib/avrxmega4/crtx64a3.o (exit)
c:/program files (x86)/atmel/atmel toolchain/avr8 gcc/native/3.4.1061/avr8-gnu-toolchain/bin/../lib/gcc/avr/4.8.1/avrxmega4\libgcc.a(_clear_bss.o)
                              UART.o (__do_clear_bss)

Allocating common symbols
Common symbol       size              file

abBuffer_tx         0x6               UART.o
abBuffer_rx         0x6               UART.o

Discarded input sections

 .data          0x00000000        0x0 c:/program files (x86)/atmel/atmel toolchain/avr8 gcc/native/3.4.1061/avr8-gnu-toolchain/bin/../lib/gcc/avr/4.8.1/../../../../avr/lib/avrxmega4/crtx64a3.o
 .bss           0x00000000        0x0 c:/program files (x86)/atmel/atmel toolchain/avr8 gcc/native/3.4.1061/avr8-gnu-toolchain/bin/../lib/gcc/avr/4.8.1/../../../../avr/lib/avrxmega4/crtx64a3.o
 .text          0x00000000        0x0 ADC.o
 .data          0x00000000        0x0 ADC.o
 .bss           0x00000000        0x0 ADC.o
 .text          0x00000000        0x0 Compass.o
 .data          0x00000000        0x0 Compass.o
 .bss           0x00000000        0x0 Compass.o
 .text.TWI_Master_Init
                0x00000000       0x22 Compass.o
 .text.TWI_MASTER_Start
                0x00000000       0x22 Compass.o
 .text.TWI_MASTER_Write_Byte
                0x00000000       0x22 Compass.o
 .text.TWI_MASTER_Stop
                0x00000000       0x12 Compass.o
 .text.TWI_Master_Read_Byte
                0x00000000       0x46 Compass.o
 .text.Compass_Init
                0x00000000       0x3c Compass.o
 .comment       0x00000000       0x31 Compass.o
 .text          0x00000000        0x0 Digital_Input.o
 .data          0x00000000        0x0 Digital_Input.o
 .bss           0x00000000        0x0 Digital_Input.o
 .text          0x00000000        0x0 Digital_Output.o
 .data          0x00000000        0x0 Digital_Output.o
 .bss           0x00000000        0x0 Digital_Output.o
 .text          0x00000000        0x0 UART.o
 .data          0x00000000        0x0 UART.o
 .bss           0x00000000        0x0 UART.o
 .text.UART_getch
                0x00000000        0xe UART.o
 .text          0x00000000        0x0 Shoot_Level.o
 .data          0x00000000        0x0 Shoot_Level.o
 .bss           0x00000000        0x0 Shoot_Level.o
 .text          0x00000000        0x0 Shoot_Puls.o
 .data          0x00000000        0x0 Shoot_Puls.o
 .bss           0x00000000        0x0 Shoot_Puls.o
 .text          0x00000000        0x0 main.o
 .data          0x00000000        0x0 main.o
 .bss           0x00000000        0x0 main.o
 .text          0x00000000        0x0 Debug_UART.o
 .data          0x00000000        0x0 Debug_UART.o
 .bss           0x00000000        0x0 Debug_UART.o
 .text.putchUSARTC0
                0x00000000        0xe Debug_UART.o
 .text.putsUSARTC0
                0x00000000       0x18 Debug_UART.o
 .text.newline  0x00000000        0xc Debug_UART.o
 .text.getchUSARTC0
                0x00000000        0xe Debug_UART.o
 .text.getsUSARTC0
                0x00000000       0x3c Debug_UART.o
 .text          0x00000000        0x0 c:/program files (x86)/atmel/atmel toolchain/avr8 gcc/native/3.4.1061/avr8-gnu-toolchain/bin/../lib/gcc/avr/4.8.1/avrxmega4\libgcc.a(_exit.o)
 .data          0x00000000        0x0 c:/program files (x86)/atmel/atmel toolchain/avr8 gcc/native/3.4.1061/avr8-gnu-toolchain/bin/../lib/gcc/avr/4.8.1/avrxmega4\libgcc.a(_exit.o)
 .bss           0x00000000        0x0 c:/program files (x86)/atmel/atmel toolchain/avr8 gcc/native/3.4.1061/avr8-gnu-toolchain/bin/../lib/gcc/avr/4.8.1/avrxmega4\libgcc.a(_exit.o)
 .text.libgcc.mul
                0x00000000        0x0 c:/program files (x86)/atmel/atmel toolchain/avr8 gcc/native/3.4.1061/avr8-gnu-toolchain/bin/../lib/gcc/avr/4.8.1/avrxmega4\libgcc.a(_exit.o)
 .text.libgcc.div
                0x00000000        0x0 c:/program files (x86)/atmel/atmel toolchain/avr8 gcc/native/3.4.1061/avr8-gnu-toolchain/bin/../lib/gcc/avr/4.8.1/avrxmega4\libgcc.a(_exit.o)
 .text.libgcc   0x00000000        0x0 c:/program files (x86)/atmel/atmel toolchain/avr8 gcc/native/3.4.1061/avr8-gnu-toolchain/bin/../lib/gcc/avr/4.8.1/avrxmega4\libgcc.a(_exit.o)
 .text.libgcc.prologue
                0x00000000        0x0 c:/program files (x86)/atmel/atmel toolchain/avr8 gcc/native/3.4.1061/avr8-gnu-toolchain/bin/../lib/gcc/avr/4.8.1/avrxmega4\libgcc.a(_exit.o)
 .text.libgcc.builtins
                0x00000000        0x0 c:/program files (x86)/atmel/atmel toolchain/avr8 gcc/native/3.4.1061/avr8-gnu-toolchain/bin/../lib/gcc/avr/4.8.1/avrxmega4\libgcc.a(_exit.o)
 .text.libgcc.fmul
                0x00000000        0x0 c:/program files (x86)/atmel/atmel toolchain/avr8 gcc/native/3.4.1061/avr8-gnu-toolchain/bin/../lib/gcc/avr/4.8.1/avrxmega4\libgcc.a(_exit.o)
 .text.libgcc.fixed
                0x00000000        0x0 c:/program files (x86)/atmel/atmel toolchain/avr8 gcc/native/3.4.1061/avr8-gnu-toolchain/bin/../lib/gcc/avr/4.8.1/avrxmega4\libgcc.a(_exit.o)
 .text          0x00000000        0x0 c:/program files (x86)/atmel/atmel toolchain/avr8 gcc/native/3.4.1061/avr8-gnu-toolchain/bin/../lib/gcc/avr/4.8.1/avrxmega4\libgcc.a(_clear_bss.o)
 .data          0x00000000        0x0 c:/program files (x86)/atmel/atmel toolchain/avr8 gcc/native/3.4.1061/avr8-gnu-toolchain/bin/../lib/gcc/avr/4.8.1/avrxmega4\libgcc.a(_clear_bss.o)
 .bss           0x00000000        0x0 c:/program files (x86)/atmel/atmel toolchain/avr8 gcc/native/3.4.1061/avr8-gnu-toolchain/bin/../lib/gcc/avr/4.8.1/avrxmega4\libgcc.a(_clear_bss.o)
 .text.libgcc.mul
                0x00000000        0x0 c:/program files (x86)/atmel/atmel toolchain/avr8 gcc/native/3.4.1061/avr8-gnu-toolchain/bin/../lib/gcc/avr/4.8.1/avrxmega4\libgcc.a(_clear_bss.o)
 .text.libgcc.div
                0x00000000        0x0 c:/program files (x86)/atmel/atmel toolchain/avr8 gcc/native/3.4.1061/avr8-gnu-toolchain/bin/../lib/gcc/avr/4.8.1/avrxmega4\libgcc.a(_clear_bss.o)
 .text.libgcc   0x00000000        0x0 c:/program files (x86)/atmel/atmel toolchain/avr8 gcc/native/3.4.1061/avr8-gnu-toolchain/bin/../lib/gcc/avr/4.8.1/avrxmega4\libgcc.a(_clear_bss.o)
 .text.libgcc.prologue
                0x00000000        0x0 c:/program files (x86)/atmel/atmel toolchain/avr8 gcc/native/3.4.1061/avr8-gnu-toolchain/bin/../lib/gcc/avr/4.8.1/avrxmega4\libgcc.a(_clear_bss.o)
 .text.libgcc.builtins
                0x00000000        0x0 c:/program files (x86)/atmel/atmel toolchain/avr8 gcc/native/3.4.1061/avr8-gnu-toolchain/bin/../lib/gcc/avr/4.8.1/avrxmega4\libgcc.a(_clear_bss.o)
 .text.libgcc.fmul
                0x00000000        0x0 c:/program files (x86)/atmel/atmel toolchain/avr8 gcc/native/3.4.1061/avr8-gnu-toolchain/bin/../lib/gcc/avr/4.8.1/avrxmega4\libgcc.a(_clear_bss.o)
 .text.libgcc.fixed
                0x00000000        0x0 c:/program files (x86)/atmel/atmel toolchain/avr8 gcc/native/3.4.1061/avr8-gnu-toolchain/bin/../lib/gcc/avr/4.8.1/avrxmega4\libgcc.a(_clear_bss.o)

Memory Configuration

Name             Origin             Length             Attributes
text             0x00000000         0x00100000         xr
data             0x00802000         0x0000ffa0         rw !x
eeprom           0x00810000         0x00010000         rw !x
fuse             0x00820000         0x00000400         rw !x
lock             0x00830000         0x00000400         rw !x
signature        0x00840000         0x00000400         rw !x
user_signatures  0x00850000         0x00000400         rw !x
*default*        0x00000000         0xffffffff

Linker script and memory map

LOAD c:/program files (x86)/atmel/atmel toolchain/avr8 gcc/native/3.4.1061/avr8-gnu-toolchain/bin/../lib/gcc/avr/4.8.1/../../../../avr/lib/avrxmega4/crtx64a3.o
LOAD ADC.o
LOAD Compass.o
LOAD Digital_Input.o
LOAD Digital_Output.o
LOAD UART.o
LOAD Shoot_Level.o
LOAD Shoot_Puls.o
LOAD main.o
LOAD Debug_UART.o
START GROUP
LOAD c:/program files (x86)/atmel/atmel toolchain/avr8 gcc/native/3.4.1061/avr8-gnu-toolchain/bin/../lib/gcc/avr/4.8.1/../../../../avr/lib/avrxmega4\libm.a
END GROUP
START GROUP
LOAD c:/program files (x86)/atmel/atmel toolchain/avr8 gcc/native/3.4.1061/avr8-gnu-toolchain/bin/../lib/gcc/avr/4.8.1/avrxmega4\libgcc.a
LOAD c:/program files (x86)/atmel/atmel toolchain/avr8 gcc/native/3.4.1061/avr8-gnu-toolchain/bin/../lib/gcc/avr/4.8.1/../../../../avr/lib/avrxmega4\libm.a
LOAD c:/program files (x86)/atmel/atmel toolchain/avr8 gcc/native/3.4.1061/avr8-gnu-toolchain/bin/../lib/gcc/avr/4.8.1/../../../../avr/lib/avrxmega4\libc.a
END GROUP

.hash
 *(.hash)

.dynsym
 *(.dynsym)

.dynstr
 *(.dynstr)

.gnu.version
 *(.gnu.version)

.gnu.version_d
 *(.gnu.version_d)

.gnu.version_r
 *(.gnu.version_r)

.rel.init
 *(.rel.init)

.rela.init
 *(.rela.init)

.rel.text
 *(.rel.text)
 *(.rel.text.*)
 *(.rel.gnu.linkonce.t*)

.rela.text
 *(.rela.text)
 *(.rela.text.*)
 *(.rela.gnu.linkonce.t*)

.rel.fini
 *(.rel.fini)

.rela.fini
 *(.rela.fini)

.rel.rodata
 *(.rel.rodata)
 *(.rel.rodata.*)
 *(.rel.gnu.linkonce.r*)

.rela.rodata
 *(.rela.rodata)
 *(.rela.rodata.*)
 *(.rela.gnu.linkonce.r*)

.rel.data
 *(.rel.data)
 *(.rel.data.*)
 *(.rel.gnu.linkonce.d*)

.rela.data
 *(.rela.data)
 *(.rela.data.*)
 *(.rela.gnu.linkonce.d*)

.rel.ctors
 *(.rel.ctors)

.rela.ctors
 *(.rela.ctors)

.rel.dtors
 *(.rel.dtors)

.rela.dtors
 *(.rela.dtors)

.rel.got
 *(.rel.got)

.rela.got
 *(.rela.got)

.rel.bss
 *(.rel.bss)

.rela.bss
 *(.rela.bss)

.rel.plt
 *(.rel.plt)

.rela.plt
 *(.rela.plt)

.text           0x00000000      0x79e
 *(.vectors)
 .vectors       0x00000000      0x1e8 c:/program files (x86)/atmel/atmel toolchain/avr8 gcc/native/3.4.1061/avr8-gnu-toolchain/bin/../lib/gcc/avr/4.8.1/../../../../avr/lib/avrxmega4/crtx64a3.o
                0x00000000                __vector_default
                0x00000000                __vectors
 *(.vectors)
 *(.progmem.gcc*)
                0x000001e8                . = ALIGN (0x2)
                0x000001e8                __trampolines_start = .
 *(.trampolines)
 .trampolines   0x000001e8        0x0 linker stubs
 *(.trampolines*)
                0x000001e8                __trampolines_end = .
 *(.progmem*)
                0x000001e8                . = ALIGN (0x2)
 *(.jumptables)
 *(.jumptables*)
 *(.lowtext)
 *(.lowtext*)
                0x000001e8                __ctors_start = .
 *(.ctors)
                0x000001e8                __ctors_end = .
                0x000001e8                __dtors_start = .
 *(.dtors)
                0x000001e8                __dtors_end = .
 SORT(*)(.ctors)
 SORT(*)(.dtors)
 *(.init0)
 .init0         0x000001e8        0x0 c:/program files (x86)/atmel/atmel toolchain/avr8 gcc/native/3.4.1061/avr8-gnu-toolchain/bin/../lib/gcc/avr/4.8.1/../../../../avr/lib/avrxmega4/crtx64a3.o
                0x000001e8                __init
 *(.init0)
 *(.init1)
 *(.init1)
 *(.init2)
 .init2         0x000001e8        0xc c:/program files (x86)/atmel/atmel toolchain/avr8 gcc/native/3.4.1061/avr8-gnu-toolchain/bin/../lib/gcc/avr/4.8.1/../../../../avr/lib/avrxmega4/crtx64a3.o
 *(.init2)
 *(.init3)
 *(.init3)
 *(.init4)
 .init4         0x000001f4       0x10 c:/program files (x86)/atmel/atmel toolchain/avr8 gcc/native/3.4.1061/avr8-gnu-toolchain/bin/../lib/gcc/avr/4.8.1/avrxmega4\libgcc.a(_clear_bss.o)
                0x000001f4                __do_clear_bss
 *(.init4)
 *(.init5)
 *(.init5)
 *(.init6)
 *(.init6)
 *(.init7)
 *(.init7)
 *(.init8)
 *(.init8)
 *(.init9)
 .init9         0x00000204        0x8 c:/program files (x86)/atmel/atmel toolchain/avr8 gcc/native/3.4.1061/avr8-gnu-toolchain/bin/../lib/gcc/avr/4.8.1/../../../../avr/lib/avrxmega4/crtx64a3.o
 *(.init9)
 *(.text)
 .text          0x0000020c        0x4 c:/program files (x86)/atmel/atmel toolchain/avr8 gcc/native/3.4.1061/avr8-gnu-toolchain/bin/../lib/gcc/avr/4.8.1/../../../../avr/lib/avrxmega4/crtx64a3.o
                0x0000020c                __vector_38
                0x0000020c                __vector_104
                0x0000020c                __vector_22
                0x0000020c                __vector_63
                0x0000020c                __vector_28
                0x0000020c                __vector_67
                0x0000020c                __vector_1
                0x0000020c                __vector_119
                0x0000020c                __vector_32
                0x0000020c                __vector_75
                0x0000020c                __vector_71
                0x0000020c                __vector_91
                0x0000020c                __vector_34
                0x0000020c                __vector_62
                0x0000020c                __vector_77
                0x0000020c                __vector_102
                0x0000020c                __vector_24
                0x0000020c                __vector_12
                0x0000020c                __vector_55
                0x0000020c                __vector_69
                0x0000020c                __vector_81
                0x0000020c                __vector_90
                0x0000020c                __vector_46
                0x0000020c                __bad_interrupt
                0x0000020c                __vector_72
                0x0000020c                __vector_114
                0x0000020c                __vector_6
                0x0000020c                __vector_110
                0x0000020c                __vector_31
                0x0000020c                __vector_92
                0x0000020c                __vector_35
                0x0000020c                __vector_78
                0x0000020c                __vector_74
                0x0000020c                __vector_117
                0x0000020c                __vector_39
                0x0000020c                __vector_107
                0x0000020c                __vector_3
                0x0000020c                __vector_105
                0x0000020c                __vector_98
                0x0000020c                __vector_23
                0x0000020c                __vector_68
                0x0000020c                __vector_30
                0x0000020c                __vector_73
                0x0000020c                __vector_45
                0x0000020c                __vector_93
                0x0000020c                __vector_61
                0x0000020c                __vector_11
                0x0000020c                __vector_54
                0x0000020c                __vector_99
                0x0000020c                __vector_13
                0x0000020c                __vector_17
                0x0000020c                __vector_19
                0x0000020c                __vector_56
                0x0000020c                __vector_7
                0x0000020c                __vector_49
                0x0000020c                __vector_41
                0x0000020c                __vector_86
                0x0000020c                __vector_100
                0x0000020c                __vector_101
                0x0000020c                __vector_64
                0x0000020c                __vector_88
                0x0000020c                __vector_109
                0x0000020c                __vector_43
                0x0000020c                __vector_5
                0x0000020c                __vector_113
                0x0000020c                __vector_33
                0x0000020c                __vector_76
                0x0000020c                __vector_115
                0x0000020c                __vector_52
                0x0000020c                __vector_37
                0x0000020c                __vector_95
                0x0000020c                __vector_103
                0x0000020c                __vector_96
                0x0000020c                __vector_89
                0x0000020c                __vector_4
                0x0000020c                __vector_44
                0x0000020c                __vector_82
                0x0000020c                __vector_106
                0x0000020c                __vector_118
                0x0000020c                __vector_51
                0x0000020c                __vector_9
                0x0000020c                __vector_2
                0x0000020c                __vector_21
                0x0000020c                __vector_15
                0x0000020c                __vector_66
                0x0000020c                __vector_36
                0x0000020c                __vector_79
                0x0000020c                __vector_58
                0x0000020c                __vector_70
                0x0000020c                __vector_83
                0x0000020c                __vector_29
                0x0000020c                __vector_60
                0x0000020c                __vector_121
                0x0000020c                __vector_40
                0x0000020c                __vector_85
                0x0000020c                __vector_94
                0x0000020c                __vector_8
                0x0000020c                __vector_26
                0x0000020c                __vector_48
                0x0000020c                __vector_116
                0x0000020c                __vector_112
                0x0000020c                __vector_111
                0x0000020c                __vector_80
                0x0000020c                __vector_14
                0x0000020c                __vector_84
                0x0000020c                __vector_57
                0x0000020c                __vector_53
                0x0000020c                __vector_10
                0x0000020c                __vector_50
                0x0000020c                __vector_16
                0x0000020c                __vector_59
                0x0000020c                __vector_18
                0x0000020c                __vector_97
                0x0000020c                __vector_20
                0x0000020c                __vector_42
                0x0000020c                __vector_87
                0x0000020c                __vector_65
                0x0000020c                __vector_120
                0x00000210                . = ALIGN (0x2)
 *(.text.*)
 .text.ADC_GET  0x00000210       0x4a ADC.o
                0x00000210                ADC_GET
 .text.ReadCalibrationByte
                0x0000025a       0x12 ADC.o
                0x0000025a                ReadCalibrationByte
 .text.ADC_init
                0x0000026c       0x66 ADC.o
                0x0000026c                ADC_init
 .text.Input_Init
                0x000002d2       0x14 Digital_Input.o
                0x000002d2                Input_Init
 .text.Input_get
                0x000002e6        0xa Digital_Input.o
                0x000002e6                Input_get
 .text.Input_Address_Get
                0x000002f0        0xc Digital_Input.o
                0x000002f0                Input_Address_Get
 .text.Output_Init
                0x000002fc       0x14 Digital_Output.o
                0x000002fc                Output_Init
 .text.Output_Set
                0x00000310       0x30 Digital_Output.o
                0x00000310                Output_Set
 .text.UART_init
                0x00000340       0x3e UART.o
                0x00000340                UART_init
 .text.UART_Packet_Received
                0x0000037e        0x6 UART.o
                0x0000037e                UART_Packet_Received
 .text.UART_Clr_Received
                0x00000384        0x6 UART.o
                0x00000384                UART_Clr_Received
 .text.UART_Send_Packet
                0x0000038a        0xe UART.o
                0x0000038a                UART_Send_Packet
 .text.__vector_27
                0x00000398       0x5a UART.o
                0x00000398                __vector_27
 .text.__vector_25
                0x000003f2       0xd0 UART.o
                0x000003f2                __vector_25
 .text.UART_get_packet_command
                0x000004c2        0x8 UART.o
                0x000004c2                UART_get_packet_command
 .text.UART_get_output
                0x000004ca        0x6 UART.o
                0x000004ca                UART_get_output
 .text.UART_shoot_trigger
                0x000004d0        0x6 UART.o
                0x000004d0                UART_shoot_trigger
 .text.UART_get_shoot_level
                0x000004d6        0x6 UART.o
                0x000004d6                UART_get_shoot_level
 .text.UART_set_tx_command
                0x000004dc        0xc UART.o
                0x000004dc                UART_set_tx_command
 .text.UART_set_tx_input
                0x000004e8        0x6 UART.o
                0x000004e8                UART_set_tx_input
 .text.UART_set_tx_adc
                0x000004ee        0xa UART.o
                0x000004ee                UART_set_tx_adc
 .text.UART_Address_set
                0x000004f8        0x6 UART.o
                0x000004f8                UART_Address_set
 .text.Shoot_Level_Init
                0x000004fe       0x2c Shoot_Level.o
                0x000004fe                Shoot_Level_Init
 .text.Shoot_Level_Set
                0x0000052a       0x6c Shoot_Level.o
                0x0000052a                Shoot_Level_Set
 .text.__vector_108
                0x00000596       0x6e Shoot_Level.o
                0x00000596                __vector_108
 .text.Shoot_Puls_Init
                0x00000604       0x18 Shoot_Puls.o
                0x00000604                Shoot_Puls_Init
 .text.Shoot_Trigger
                0x0000061c       0x28 Shoot_Puls.o
                0x0000061c                Shoot_Trigger
 .text.__vector_47
                0x00000644       0x3e Shoot_Puls.o
                0x00000644                __vector_47
 .text.startup.main
                0x00000682       0xfc main.o
                0x00000682                main
 .text.initUSARTC0
                0x0000077e       0x1c Debug_UART.o
                0x0000077e                initUSARTC0
                0x0000079a                . = ALIGN (0x2)
 *(.fini9)
 .fini9         0x0000079a        0x0 c:/program files (x86)/atmel/atmel toolchain/avr8 gcc/native/3.4.1061/avr8-gnu-toolchain/bin/../lib/gcc/avr/4.8.1/avrxmega4\libgcc.a(_exit.o)
                0x0000079a                _exit
                0x0000079a                exit
 *(.fini9)
 *(.fini8)
 *(.fini8)
 *(.fini7)
 *(.fini7)
 *(.fini6)
 *(.fini6)
 *(.fini5)
 *(.fini5)
 *(.fini4)
 *(.fini4)
 *(.fini3)
 *(.fini3)
 *(.fini2)
 *(.fini2)
 *(.fini1)
 *(.fini1)
 *(.fini0)
 .fini0         0x0000079a        0x4 c:/program files (x86)/atmel/atmel toolchain/avr8 gcc/native/3.4.1061/avr8-gnu-toolchain/bin/../lib/gcc/avr/4.8.1/avrxmega4\libgcc.a(_exit.o)
 *(.fini0)
                0x0000079e                _etext = .

.data           0x00802000        0x0 load address 0x0000079e
                0x00802000                PROVIDE (__data_start, .)
 *(.data)
 *(.data*)
 *(.rodata)
 *(.rodata*)
 *(.gnu.linkonce.d*)
                0x00802000                . = ALIGN (0x2)
                0x00802000                _edata = .
                0x00802000                PROVIDE (__data_end, .)

.bss            0x00802000       0x17
                0x00802000                PROVIDE (__bss_start, .)
 *(.bss)
 *(.bss*)
 .bss.bCounter_RX
                0x00802000        0x1 UART.o
 .bss.bCounter_TX
                0x00802001        0x1 UART.o
 .bss.bAddress  0x00802002        0x1 UART.o
 .bss.fSof_Received_flag
                0x00802003        0x1 UART.o
 .bss.fLoad_RX_flag
                0x00802004        0x1 UART.o
 .bss.fPacket_Recieved_flag
                0x00802005        0x1 UART.o
 .bss.iSteps    0x00802006        0x2 Shoot_Level.o
 .bss.fPWM_Busy_Flag
                0x00802008        0x1 Shoot_Level.o
 .bss.bPosition_Old
                0x00802009        0x1 Shoot_Level.o
 .bss.fShoot_Busy_Flag
                0x0080200a        0x1 Shoot_Puls.o
 *(COMMON)
 COMMON         0x0080200b        0xc UART.o
                0x0080200b                abBuffer_tx
                0x00802011                abBuffer_rx
                0x00802017                PROVIDE (__bss_end, .)
                0x0000079e                __data_load_start = LOADADDR (.data)
                0x0000079e                __data_load_end = (__data_load_start + SIZEOF (.data))

.noinit         0x00802017        0x0
                0x00802017                PROVIDE (__noinit_start, .)
 *(.noinit*)
                0x00802017                PROVIDE (__noinit_end, .)
                0x00802017                _end = .
                0x00802017                PROVIDE (__heap_start, .)

.eeprom         0x00810000        0x0
 *(.eeprom*)
                0x00810000                __eeprom_end = .

.fuse
 *(.fuse)
 *(.lfuse)
 *(.hfuse)
 *(.efuse)

.lock
 *(.lock*)

.signature
 *(.signature*)

.user_signatures
 *(.user_signatures*)

.stab
 *(.stab)

.stabstr
 *(.stabstr)

.stab.excl
 *(.stab.excl)

.stab.exclstr
 *(.stab.exclstr)

.stab.index
 *(.stab.index)

.stab.indexstr
 *(.stab.indexstr)

.comment        0x00000000       0x30
 *(.comment)
 .comment       0x00000000       0x30 ADC.o
                                 0x31 (size before relaxing)
 .comment       0x00000000       0x31 Digital_Input.o
 .comment       0x00000000       0x31 Digital_Output.o
 .comment       0x00000000       0x31 UART.o
 .comment       0x00000000       0x31 Shoot_Level.o
 .comment       0x00000000       0x31 Shoot_Puls.o
 .comment       0x00000000       0x31 main.o
 .comment       0x00000000       0x31 Debug_UART.o

.note.gnu.build-id
 *(.note.gnu.build-id)

.debug
 *(.debug)

.line
 *(.line)

.debug_srcinfo
 *(.debug_srcinfo)

.debug_sfnames
 *(.debug_sfnames)

.debug_aranges
 *(.debug_aranges)

.debug_pubnames
 *(.debug_pubnames)

.debug_info
 *(.debug_info .gnu.linkonce.wi.*)

.debug_abbrev
 *(.debug_abbrev)

.debug_line
 *(.debug_line .debug_line.* .debug_line_end)

.debug_frame
 *(.debug_frame)

.debug_str
 *(.debug_str)

.debug_loc
 *(.debug_loc)

.debug_macinfo
 *(.debug_macinfo)

.debug_weaknames
 *(.debug_weaknames)

.debug_funcnames
 *(.debug_funcnames)

.debug_typenames
 *(.debug_typenames)

.debug_varnames
 *(.debug_varnames)

.debug_pubtypes
 *(.debug_pubtypes)

.debug_ranges
 *(.debug_ranges)

.debug_macro
 *(.debug_macro)
OUTPUT(Turtle_5K_IO_Board.elf elf32-avr)
LOAD linker stubs
