Archive member included because of file (symbol)

c:/program files (x86)/atmel/atmel toolchain/avr8 gcc/native/3.4.1061/avr8-gnu-toolchain/bin/../lib/gcc/avr/4.8.1/avrxmega4\libgcc.a(_exit.o)
                              c:/program files (x86)/atmel/atmel toolchain/avr8 gcc/native/3.4.1061/avr8-gnu-toolchain/bin/../lib/gcc/avr/4.8.1/../../../../avr/lib/avrxmega4/crtx64a3.o (exit)
c:/program files (x86)/atmel/atmel toolchain/avr8 gcc/native/3.4.1061/avr8-gnu-toolchain/bin/../lib/gcc/avr/4.8.1/avrxmega4\libgcc.a(_tablejump.o)
                              main.o (__tablejump2__)
c:/program files (x86)/atmel/atmel toolchain/avr8 gcc/native/3.4.1061/avr8-gnu-toolchain/bin/../lib/gcc/avr/4.8.1/avrxmega4\libgcc.a(_clear_bss.o)
                              ADC.o (__do_clear_bss)
c:/program files (x86)/atmel/atmel toolchain/avr8 gcc/native/3.4.1061/avr8-gnu-toolchain/bin/../lib/gcc/avr/4.8.1/../../../../avr/lib/avrxmega4\libc.a(itoa_ncheck.o)
                              Debug_UART.o (__itoa_ncheck)
c:/program files (x86)/atmel/atmel toolchain/avr8 gcc/native/3.4.1061/avr8-gnu-toolchain/bin/../lib/gcc/avr/4.8.1/../../../../avr/lib/avrxmega4\libc.a(utoa_ncheck.o)
                              c:/program files (x86)/atmel/atmel toolchain/avr8 gcc/native/3.4.1061/avr8-gnu-toolchain/bin/../lib/gcc/avr/4.8.1/../../../../avr/lib/avrxmega4\libc.a(itoa_ncheck.o) (__utoa_common)
c:/program files (x86)/atmel/atmel toolchain/avr8 gcc/native/3.4.1061/avr8-gnu-toolchain/bin/../lib/gcc/avr/4.8.1/../../../../avr/lib/avrxmega4\libc.a(strrev.o)
                              c:/program files (x86)/atmel/atmel toolchain/avr8 gcc/native/3.4.1061/avr8-gnu-toolchain/bin/../lib/gcc/avr/4.8.1/../../../../avr/lib/avrxmega4\libc.a(utoa_ncheck.o) (strrev)

Allocating common symbols
Common symbol       size              file

abBuffer_tx         0x6               UART.o
abBuffer_rx         0x6               UART.o

Discarded input sections

 .data          0x00000000        0x0 c:/program files (x86)/atmel/atmel toolchain/avr8 gcc/native/3.4.1061/avr8-gnu-toolchain/bin/../lib/gcc/avr/4.8.1/../../../../avr/lib/avrxmega4/crtx64a3.o
 .bss           0x00000000        0x0 c:/program files (x86)/atmel/atmel toolchain/avr8 gcc/native/3.4.1061/avr8-gnu-toolchain/bin/../lib/gcc/avr/4.8.1/../../../../avr/lib/avrxmega4/crtx64a3.o
 .text          0x00000000        0x0 ADC.o
 .data          0x00000000        0x0 ADC.o
 .bss           0x00000000        0x0 ADC.o
 .text          0x00000000        0x0 Compass.o
 .data          0x00000000        0x0 Compass.o
 .bss           0x00000000        0x0 Compass.o
 .text.TWI_Master_Init
                0x00000000       0x22 Compass.o
 .text.TWI_MASTER_Start
                0x00000000       0x22 Compass.o
 .text.TWI_MASTER_Write_Byte
                0x00000000       0x22 Compass.o
 .text.TWI_MASTER_Stop
                0x00000000       0x12 Compass.o
 .text.TWI_Master_Read_Byte
                0x00000000       0x46 Compass.o
 .text.Compass_Init
                0x00000000       0x3c Compass.o
 .debug_info    0x00000000      0x5a0 Compass.o
 .debug_abbrev  0x00000000      0x180 Compass.o
 .debug_loc     0x00000000       0xf6 Compass.o
 .debug_aranges
                0x00000000       0x48 Compass.o
 .debug_ranges  0x00000000       0x38 Compass.o
 .debug_line    0x00000000      0x1b6 Compass.o
 .debug_str     0x00000000      0x498 Compass.o
 .comment       0x00000000       0x31 Compass.o
 .debug_frame   0x00000000       0x84 Compass.o
 .text          0x00000000        0x0 Digital_Input.o
 .data          0x00000000        0x0 Digital_Input.o
 .bss           0x00000000        0x0 Digital_Input.o
 .text          0x00000000        0x0 Digital_Output.o
 .data          0x00000000        0x0 Digital_Output.o
 .bss           0x00000000        0x0 Digital_Output.o
 .text          0x00000000        0x0 UART.o
 .data          0x00000000        0x0 UART.o
 .bss           0x00000000        0x0 UART.o
 .text.UART_puts
                0x00000000       0x18 UART.o
 .text.UART_getch
                0x00000000        0xe UART.o
 .text          0x00000000        0x0 Shoot_Level.o
 .data          0x00000000        0x0 Shoot_Level.o
 .bss           0x00000000        0x0 Shoot_Level.o
 .text          0x00000000        0x0 Shoot_Puls.o
 .data          0x00000000        0x0 Shoot_Puls.o
 .bss           0x00000000        0x0 Shoot_Puls.o
 .text          0x00000000        0x0 main.o
 .data          0x00000000        0x0 main.o
 .bss           0x00000000        0x0 main.o
 .text          0x00000000        0x0 Debug_UART.o
 .data          0x00000000        0x0 Debug_UART.o
 .bss           0x00000000        0x0 Debug_UART.o
 .text.putchUSARTD0
                0x00000000        0xe Debug_UART.o
 .text          0x00000000        0x0 usart_driver.o
 .data          0x00000000        0x0 usart_driver.o
 .bss           0x00000000        0x0 usart_driver.o
 .text.USART_InterruptDriver_DreInterruptLevel_Set
                0x00000000        0x6 usart_driver.o
 .text.USART_NineBits_PutChar
                0x00000000       0x14 usart_driver.o
 .text.USART_NineBits_GetChar
                0x00000000       0x16 usart_driver.o
 .text          0x00000000        0x0 c:/program files (x86)/atmel/atmel toolchain/avr8 gcc/native/3.4.1061/avr8-gnu-toolchain/bin/../lib/gcc/avr/4.8.1/avrxmega4\libgcc.a(_exit.o)
 .data          0x00000000        0x0 c:/program files (x86)/atmel/atmel toolchain/avr8 gcc/native/3.4.1061/avr8-gnu-toolchain/bin/../lib/gcc/avr/4.8.1/avrxmega4\libgcc.a(_exit.o)
 .bss           0x00000000        0x0 c:/program files (x86)/atmel/atmel toolchain/avr8 gcc/native/3.4.1061/avr8-gnu-toolchain/bin/../lib/gcc/avr/4.8.1/avrxmega4\libgcc.a(_exit.o)
 .text.libgcc.mul
                0x00000000        0x0 c:/program files (x86)/atmel/atmel toolchain/avr8 gcc/native/3.4.1061/avr8-gnu-toolchain/bin/../lib/gcc/avr/4.8.1/avrxmega4\libgcc.a(_exit.o)
 .text.libgcc.div
                0x00000000        0x0 c:/program files (x86)/atmel/atmel toolchain/avr8 gcc/native/3.4.1061/avr8-gnu-toolchain/bin/../lib/gcc/avr/4.8.1/avrxmega4\libgcc.a(_exit.o)
 .text.libgcc   0x00000000        0x0 c:/program files (x86)/atmel/atmel toolchain/avr8 gcc/native/3.4.1061/avr8-gnu-toolchain/bin/../lib/gcc/avr/4.8.1/avrxmega4\libgcc.a(_exit.o)
 .text.libgcc.prologue
                0x00000000        0x0 c:/program files (x86)/atmel/atmel toolchain/avr8 gcc/native/3.4.1061/avr8-gnu-toolchain/bin/../lib/gcc/avr/4.8.1/avrxmega4\libgcc.a(_exit.o)
 .text.libgcc.builtins
                0x00000000        0x0 c:/program files (x86)/atmel/atmel toolchain/avr8 gcc/native/3.4.1061/avr8-gnu-toolchain/bin/../lib/gcc/avr/4.8.1/avrxmega4\libgcc.a(_exit.o)
 .text.libgcc.fmul
                0x00000000        0x0 c:/program files (x86)/atmel/atmel toolchain/avr8 gcc/native/3.4.1061/avr8-gnu-toolchain/bin/../lib/gcc/avr/4.8.1/avrxmega4\libgcc.a(_exit.o)
 .text.libgcc.fixed
                0x00000000        0x0 c:/program files (x86)/atmel/atmel toolchain/avr8 gcc/native/3.4.1061/avr8-gnu-toolchain/bin/../lib/gcc/avr/4.8.1/avrxmega4\libgcc.a(_exit.o)
 .text          0x00000000        0x0 c:/program files (x86)/atmel/atmel toolchain/avr8 gcc/native/3.4.1061/avr8-gnu-toolchain/bin/../lib/gcc/avr/4.8.1/avrxmega4\libgcc.a(_tablejump.o)
 .data          0x00000000        0x0 c:/program files (x86)/atmel/atmel toolchain/avr8 gcc/native/3.4.1061/avr8-gnu-toolchain/bin/../lib/gcc/avr/4.8.1/avrxmega4\libgcc.a(_tablejump.o)
 .bss           0x00000000        0x0 c:/program files (x86)/atmel/atmel toolchain/avr8 gcc/native/3.4.1061/avr8-gnu-toolchain/bin/../lib/gcc/avr/4.8.1/avrxmega4\libgcc.a(_tablejump.o)
 .text.libgcc.mul
                0x00000000        0x0 c:/program files (x86)/atmel/atmel toolchain/avr8 gcc/native/3.4.1061/avr8-gnu-toolchain/bin/../lib/gcc/avr/4.8.1/avrxmega4\libgcc.a(_tablejump.o)
 .text.libgcc.div
                0x00000000        0x0 c:/program files (x86)/atmel/atmel toolchain/avr8 gcc/native/3.4.1061/avr8-gnu-toolchain/bin/../lib/gcc/avr/4.8.1/avrxmega4\libgcc.a(_tablejump.o)
 .text.libgcc.prologue
                0x00000000        0x0 c:/program files (x86)/atmel/atmel toolchain/avr8 gcc/native/3.4.1061/avr8-gnu-toolchain/bin/../lib/gcc/avr/4.8.1/avrxmega4\libgcc.a(_tablejump.o)
 .text.libgcc.builtins
                0x00000000        0x0 c:/program files (x86)/atmel/atmel toolchain/avr8 gcc/native/3.4.1061/avr8-gnu-toolchain/bin/../lib/gcc/avr/4.8.1/avrxmega4\libgcc.a(_tablejump.o)
 .text.libgcc.fmul
                0x00000000        0x0 c:/program files (x86)/atmel/atmel toolchain/avr8 gcc/native/3.4.1061/avr8-gnu-toolchain/bin/../lib/gcc/avr/4.8.1/avrxmega4\libgcc.a(_tablejump.o)
 .text.libgcc.fixed
                0x00000000        0x0 c:/program files (x86)/atmel/atmel toolchain/avr8 gcc/native/3.4.1061/avr8-gnu-toolchain/bin/../lib/gcc/avr/4.8.1/avrxmega4\libgcc.a(_tablejump.o)
 .text          0x00000000        0x0 c:/program files (x86)/atmel/atmel toolchain/avr8 gcc/native/3.4.1061/avr8-gnu-toolchain/bin/../lib/gcc/avr/4.8.1/avrxmega4\libgcc.a(_clear_bss.o)
 .data          0x00000000        0x0 c:/program files (x86)/atmel/atmel toolchain/avr8 gcc/native/3.4.1061/avr8-gnu-toolchain/bin/../lib/gcc/avr/4.8.1/avrxmega4\libgcc.a(_clear_bss.o)
 .bss           0x00000000        0x0 c:/program files (x86)/atmel/atmel toolchain/avr8 gcc/native/3.4.1061/avr8-gnu-toolchain/bin/../lib/gcc/avr/4.8.1/avrxmega4\libgcc.a(_clear_bss.o)
 .text.libgcc.mul
                0x00000000        0x0 c:/program files (x86)/atmel/atmel toolchain/avr8 gcc/native/3.4.1061/avr8-gnu-toolchain/bin/../lib/gcc/avr/4.8.1/avrxmega4\libgcc.a(_clear_bss.o)
 .text.libgcc.div
                0x00000000        0x0 c:/program files (x86)/atmel/atmel toolchain/avr8 gcc/native/3.4.1061/avr8-gnu-toolchain/bin/../lib/gcc/avr/4.8.1/avrxmega4\libgcc.a(_clear_bss.o)
 .text.libgcc   0x00000000        0x0 c:/program files (x86)/atmel/atmel toolchain/avr8 gcc/native/3.4.1061/avr8-gnu-toolchain/bin/../lib/gcc/avr/4.8.1/avrxmega4\libgcc.a(_clear_bss.o)
 .text.libgcc.prologue
                0x00000000        0x0 c:/program files (x86)/atmel/atmel toolchain/avr8 gcc/native/3.4.1061/avr8-gnu-toolchain/bin/../lib/gcc/avr/4.8.1/avrxmega4\libgcc.a(_clear_bss.o)
 .text.libgcc.builtins
                0x00000000        0x0 c:/program files (x86)/atmel/atmel toolchain/avr8 gcc/native/3.4.1061/avr8-gnu-toolchain/bin/../lib/gcc/avr/4.8.1/avrxmega4\libgcc.a(_clear_bss.o)
 .text.libgcc.fmul
                0x00000000        0x0 c:/program files (x86)/atmel/atmel toolchain/avr8 gcc/native/3.4.1061/avr8-gnu-toolchain/bin/../lib/gcc/avr/4.8.1/avrxmega4\libgcc.a(_clear_bss.o)
 .text.libgcc.fixed
                0x00000000        0x0 c:/program files (x86)/atmel/atmel toolchain/avr8 gcc/native/3.4.1061/avr8-gnu-toolchain/bin/../lib/gcc/avr/4.8.1/avrxmega4\libgcc.a(_clear_bss.o)
 .text          0x00000000        0x0 c:/program files (x86)/atmel/atmel toolchain/avr8 gcc/native/3.4.1061/avr8-gnu-toolchain/bin/../lib/gcc/avr/4.8.1/../../../../avr/lib/avrxmega4\libc.a(itoa_ncheck.o)
 .data          0x00000000        0x0 c:/program files (x86)/atmel/atmel toolchain/avr8 gcc/native/3.4.1061/avr8-gnu-toolchain/bin/../lib/gcc/avr/4.8.1/../../../../avr/lib/avrxmega4\libc.a(itoa_ncheck.o)
 .bss           0x00000000        0x0 c:/program files (x86)/atmel/atmel toolchain/avr8 gcc/native/3.4.1061/avr8-gnu-toolchain/bin/../lib/gcc/avr/4.8.1/../../../../avr/lib/avrxmega4\libc.a(itoa_ncheck.o)
 .text          0x00000000        0x0 c:/program files (x86)/atmel/atmel toolchain/avr8 gcc/native/3.4.1061/avr8-gnu-toolchain/bin/../lib/gcc/avr/4.8.1/../../../../avr/lib/avrxmega4\libc.a(utoa_ncheck.o)
 .data          0x00000000        0x0 c:/program files (x86)/atmel/atmel toolchain/avr8 gcc/native/3.4.1061/avr8-gnu-toolchain/bin/../lib/gcc/avr/4.8.1/../../../../avr/lib/avrxmega4\libc.a(utoa_ncheck.o)
 .bss           0x00000000        0x0 c:/program files (x86)/atmel/atmel toolchain/avr8 gcc/native/3.4.1061/avr8-gnu-toolchain/bin/../lib/gcc/avr/4.8.1/../../../../avr/lib/avrxmega4\libc.a(utoa_ncheck.o)
 .text          0x00000000        0x0 c:/program files (x86)/atmel/atmel toolchain/avr8 gcc/native/3.4.1061/avr8-gnu-toolchain/bin/../lib/gcc/avr/4.8.1/../../../../avr/lib/avrxmega4\libc.a(strrev.o)
 .data          0x00000000        0x0 c:/program files (x86)/atmel/atmel toolchain/avr8 gcc/native/3.4.1061/avr8-gnu-toolchain/bin/../lib/gcc/avr/4.8.1/../../../../avr/lib/avrxmega4\libc.a(strrev.o)
 .bss           0x00000000        0x0 c:/program files (x86)/atmel/atmel toolchain/avr8 gcc/native/3.4.1061/avr8-gnu-toolchain/bin/../lib/gcc/avr/4.8.1/../../../../avr/lib/avrxmega4\libc.a(strrev.o)

Memory Configuration

Name             Origin             Length             Attributes
text             0x00000000         0x00100000         xr
data             0x00802000         0x0000ffa0         rw !x
eeprom           0x00810000         0x00010000         rw !x
fuse             0x00820000         0x00000400         rw !x
lock             0x00830000         0x00000400         rw !x
signature        0x00840000         0x00000400         rw !x
user_signatures  0x00850000         0x00000400         rw !x
*default*        0x00000000         0xffffffff

Linker script and memory map

LOAD c:/program files (x86)/atmel/atmel toolchain/avr8 gcc/native/3.4.1061/avr8-gnu-toolchain/bin/../lib/gcc/avr/4.8.1/../../../../avr/lib/avrxmega4/crtx64a3.o
LOAD ADC.o
LOAD Compass.o
LOAD Digital_Input.o
LOAD Digital_Output.o
LOAD UART.o
LOAD Shoot_Level.o
LOAD Shoot_Puls.o
LOAD main.o
LOAD Debug_UART.o
LOAD usart_driver.o
START GROUP
LOAD c:/program files (x86)/atmel/atmel toolchain/avr8 gcc/native/3.4.1061/avr8-gnu-toolchain/bin/../lib/gcc/avr/4.8.1/../../../../avr/lib/avrxmega4\libm.a
END GROUP
START GROUP
LOAD c:/program files (x86)/atmel/atmel toolchain/avr8 gcc/native/3.4.1061/avr8-gnu-toolchain/bin/../lib/gcc/avr/4.8.1/avrxmega4\libgcc.a
LOAD c:/program files (x86)/atmel/atmel toolchain/avr8 gcc/native/3.4.1061/avr8-gnu-toolchain/bin/../lib/gcc/avr/4.8.1/../../../../avr/lib/avrxmega4\libm.a
LOAD c:/program files (x86)/atmel/atmel toolchain/avr8 gcc/native/3.4.1061/avr8-gnu-toolchain/bin/../lib/gcc/avr/4.8.1/../../../../avr/lib/avrxmega4\libc.a
END GROUP

.hash
 *(.hash)

.dynsym
 *(.dynsym)

.dynstr
 *(.dynstr)

.gnu.version
 *(.gnu.version)

.gnu.version_d
 *(.gnu.version_d)

.gnu.version_r
 *(.gnu.version_r)

.rel.init
 *(.rel.init)

.rela.init
 *(.rela.init)

.rel.text
 *(.rel.text)
 *(.rel.text.*)
 *(.rel.gnu.linkonce.t*)

.rela.text
 *(.rela.text)
 *(.rela.text.*)
 *(.rela.gnu.linkonce.t*)

.rel.fini
 *(.rel.fini)

.rela.fini
 *(.rela.fini)

.rel.rodata
 *(.rel.rodata)
 *(.rel.rodata.*)
 *(.rel.gnu.linkonce.r*)

.rela.rodata
 *(.rela.rodata)
 *(.rela.rodata.*)
 *(.rela.gnu.linkonce.r*)

.rel.data
 *(.rel.data)
 *(.rel.data.*)
 *(.rel.gnu.linkonce.d*)

.rela.data
 *(.rela.data)
 *(.rela.data.*)
 *(.rela.gnu.linkonce.d*)

.rel.ctors
 *(.rel.ctors)

.rela.ctors
 *(.rela.ctors)

.rel.dtors
 *(.rel.dtors)

.rela.dtors
 *(.rela.dtors)

.rel.got
 *(.rel.got)

.rela.got
 *(.rela.got)

.rel.bss
 *(.rel.bss)

.rela.bss
 *(.rela.bss)

.rel.plt
 *(.rel.plt)

.rela.plt
 *(.rela.plt)

.text           0x00000000     0x1090
 *(.vectors)
 .vectors       0x00000000      0x1e8 c:/program files (x86)/atmel/atmel toolchain/avr8 gcc/native/3.4.1061/avr8-gnu-toolchain/bin/../lib/gcc/avr/4.8.1/../../../../avr/lib/avrxmega4/crtx64a3.o
                0x00000000                __vector_default
                0x00000000                __vectors
 *(.vectors)
 *(.progmem.gcc*)
 .progmem.gcc_sw_table.main
                0x000001e8       0x10 main.o
 .progmem.gcc_sw_table.debug_comm_handler_cmd
                0x000001f8       0x58 Debug_UART.o
                0x00000250                . = ALIGN (0x2)
                0x00000250                __trampolines_start = .
 *(.trampolines)
 .trampolines   0x00000250        0x0 linker stubs
 *(.trampolines*)
                0x00000250                __trampolines_end = .
 *(.progmem*)
                0x00000250                . = ALIGN (0x2)
 *(.jumptables)
 *(.jumptables*)
 *(.lowtext)
 *(.lowtext*)
                0x00000250                __ctors_start = .
 *(.ctors)
                0x00000250                __ctors_end = .
                0x00000250                __dtors_start = .
 *(.dtors)
                0x00000250                __dtors_end = .
 SORT(*)(.ctors)
 SORT(*)(.dtors)
 *(.init0)
 .init0         0x00000250        0x0 c:/program files (x86)/atmel/atmel toolchain/avr8 gcc/native/3.4.1061/avr8-gnu-toolchain/bin/../lib/gcc/avr/4.8.1/../../../../avr/lib/avrxmega4/crtx64a3.o
                0x00000250                __init
 *(.init0)
 *(.init1)
 *(.init1)
 *(.init2)
 .init2         0x00000250        0xc c:/program files (x86)/atmel/atmel toolchain/avr8 gcc/native/3.4.1061/avr8-gnu-toolchain/bin/../lib/gcc/avr/4.8.1/../../../../avr/lib/avrxmega4/crtx64a3.o
 *(.init2)
 *(.init3)
 *(.init3)
 *(.init4)
 .init4         0x0000025c       0x10 c:/program files (x86)/atmel/atmel toolchain/avr8 gcc/native/3.4.1061/avr8-gnu-toolchain/bin/../lib/gcc/avr/4.8.1/avrxmega4\libgcc.a(_clear_bss.o)
                0x0000025c                __do_clear_bss
 *(.init4)
 *(.init5)
 *(.init5)
 *(.init6)
 *(.init6)
 *(.init7)
 *(.init7)
 *(.init8)
 *(.init8)
 *(.init9)
 .init9         0x0000026c        0x8 c:/program files (x86)/atmel/atmel toolchain/avr8 gcc/native/3.4.1061/avr8-gnu-toolchain/bin/../lib/gcc/avr/4.8.1/../../../../avr/lib/avrxmega4/crtx64a3.o
 *(.init9)
 *(.text)
 .text          0x00000274        0x4 c:/program files (x86)/atmel/atmel toolchain/avr8 gcc/native/3.4.1061/avr8-gnu-toolchain/bin/../lib/gcc/avr/4.8.1/../../../../avr/lib/avrxmega4/crtx64a3.o
                0x00000274                __vector_38
                0x00000274                __vector_104
                0x00000274                __vector_22
                0x00000274                __vector_63
                0x00000274                __vector_28
                0x00000274                __vector_67
                0x00000274                __vector_1
                0x00000274                __vector_119
                0x00000274                __vector_32
                0x00000274                __vector_75
                0x00000274                __vector_71
                0x00000274                __vector_91
                0x00000274                __vector_34
                0x00000274                __vector_62
                0x00000274                __vector_77
                0x00000274                __vector_102
                0x00000274                __vector_24
                0x00000274                __vector_12
                0x00000274                __vector_55
                0x00000274                __vector_69
                0x00000274                __vector_81
                0x00000274                __vector_90
                0x00000274                __vector_46
                0x00000274                __bad_interrupt
                0x00000274                __vector_72
                0x00000274                __vector_114
                0x00000274                __vector_6
                0x00000274                __vector_110
                0x00000274                __vector_31
                0x00000274                __vector_92
                0x00000274                __vector_35
                0x00000274                __vector_78
                0x00000274                __vector_74
                0x00000274                __vector_117
                0x00000274                __vector_39
                0x00000274                __vector_107
                0x00000274                __vector_3
                0x00000274                __vector_105
                0x00000274                __vector_98
                0x00000274                __vector_23
                0x00000274                __vector_68
                0x00000274                __vector_30
                0x00000274                __vector_73
                0x00000274                __vector_45
                0x00000274                __vector_93
                0x00000274                __vector_61
                0x00000274                __vector_11
                0x00000274                __vector_54
                0x00000274                __vector_99
                0x00000274                __vector_13
                0x00000274                __vector_17
                0x00000274                __vector_19
                0x00000274                __vector_56
                0x00000274                __vector_7
                0x00000274                __vector_49
                0x00000274                __vector_41
                0x00000274                __vector_86
                0x00000274                __vector_100
                0x00000274                __vector_101
                0x00000274                __vector_64
                0x00000274                __vector_109
                0x00000274                __vector_43
                0x00000274                __vector_5
                0x00000274                __vector_113
                0x00000274                __vector_33
                0x00000274                __vector_76
                0x00000274                __vector_115
                0x00000274                __vector_52
                0x00000274                __vector_37
                0x00000274                __vector_95
                0x00000274                __vector_103
                0x00000274                __vector_96
                0x00000274                __vector_4
                0x00000274                __vector_44
                0x00000274                __vector_82
                0x00000274                __vector_106
                0x00000274                __vector_118
                0x00000274                __vector_51
                0x00000274                __vector_9
                0x00000274                __vector_2
                0x00000274                __vector_21
                0x00000274                __vector_15
                0x00000274                __vector_66
                0x00000274                __vector_36
                0x00000274                __vector_79
                0x00000274                __vector_58
                0x00000274                __vector_70
                0x00000274                __vector_83
                0x00000274                __vector_29
                0x00000274                __vector_60
                0x00000274                __vector_121
                0x00000274                __vector_40
                0x00000274                __vector_85
                0x00000274                __vector_94
                0x00000274                __vector_8
                0x00000274                __vector_26
                0x00000274                __vector_48
                0x00000274                __vector_116
                0x00000274                __vector_112
                0x00000274                __vector_111
                0x00000274                __vector_80
                0x00000274                __vector_14
                0x00000274                __vector_84
                0x00000274                __vector_57
                0x00000274                __vector_53
                0x00000274                __vector_10
                0x00000274                __vector_50
                0x00000274                __vector_16
                0x00000274                __vector_59
                0x00000274                __vector_18
                0x00000274                __vector_97
                0x00000274                __vector_20
                0x00000274                __vector_42
                0x00000274                __vector_87
                0x00000274                __vector_65
                0x00000274                __vector_120
                0x00000278                . = ALIGN (0x2)
 *(.text.*)
 .text.ADC_init
                0x00000278       0xc2 ADC.o
                0x00000278                ADC_init
 .text.adc_read_channels
                0x0000033a       0xa2 ADC.o
                0x0000033a                adc_read_channels
 .text.ADC_GET  0x000003dc       0x18 ADC.o
                0x000003dc                ADC_GET
 .text.Input_Init
                0x000003f4       0x28 Digital_Input.o
                0x000003f4                Input_Init
 .text.Input_get
                0x0000041c       0x30 Digital_Input.o
                0x0000041c                Input_get
 .text.Input_Address_Get
                0x0000044c        0xc Digital_Input.o
                0x0000044c                Input_Address_Get
 .text.Input_emergency_active
                0x00000458        0xe Digital_Input.o
                0x00000458                Input_emergency_active
 .text.Output_Init
                0x00000466       0x16 Digital_Output.o
                0x00000466                Output_Init
 .text.Output_Set
                0x0000047c       0x44 Digital_Output.o
                0x0000047c                Output_Set
 .text.Output_all_off
                0x000004c0       0x12 Digital_Output.o
                0x000004c0                Output_all_off
 .text.UART_init
                0x000004d2       0x32 UART.o
                0x000004d2                UART_init
 .text.UART_putch
                0x00000504        0xe UART.o
                0x00000504                UART_putch
 .text.UART_Packet_Received
                0x00000512        0x6 UART.o
                0x00000512                UART_Packet_Received
 .text.UART_Clr_Received
                0x00000518        0x6 UART.o
                0x00000518                UART_Clr_Received
 .text.UART_Send_Packet
                0x0000051e       0x22 UART.o
                0x0000051e                UART_Send_Packet
 .text.__vector_27
                0x00000540       0x72 UART.o
                0x00000540                __vector_27
 .text.__vector_25
                0x000005b2       0xd0 UART.o
                0x000005b2                __vector_25
 .text.UART_get_packet_command
                0x00000682        0x8 UART.o
                0x00000682                UART_get_packet_command
 .text.UART_get_output
                0x0000068a        0x6 UART.o
                0x0000068a                UART_get_output
 .text.UART_shoot_trigger
                0x00000690        0x6 UART.o
                0x00000690                UART_shoot_trigger
 .text.UART_get_shoot_level
                0x00000696        0x6 UART.o
                0x00000696                UART_get_shoot_level
 .text.UART_set_tx_command
                0x0000069c        0xc UART.o
                0x0000069c                UART_set_tx_command
 .text.UART_set_tx_input
                0x000006a8        0x6 UART.o
                0x000006a8                UART_set_tx_input
 .text.UART_set_tx_adc
                0x000006ae        0xa UART.o
                0x000006ae                UART_set_tx_adc
 .text.UART_Address_set
                0x000006b8        0x6 UART.o
                0x000006b8                UART_Address_set
 .text.Shoot_Level_Init
                0x000006be       0x2c Shoot_Level.o
                0x000006be                Shoot_Level_Init
 .text.Shoot_Level_emergency_stop
                0x000006ea        0xe Shoot_Level.o
                0x000006ea                Shoot_Level_emergency_stop
 .text.Shoot_Level_go_home
                0x000006f8       0x4a Shoot_Level.o
                0x000006f8                Shoot_Level_go_home
 .text.Shoot_Level_Set
                0x00000742       0x7a Shoot_Level.o
                0x00000742                Shoot_Level_Set
 .text.Shoot_Level_do_step
                0x000007bc       0x16 Shoot_Level.o
                0x000007bc                Shoot_Level_do_step
 .text.__vector_108
                0x000007d2       0x6e Shoot_Level.o
                0x000007d2                __vector_108
 .text.Shoot_Puls_Init
                0x00000840       0x18 Shoot_Puls.o
                0x00000840                Shoot_Puls_Init
 .text.Shoot_Pulse_emergency_stop
                0x00000858       0x12 Shoot_Puls.o
                0x00000858                Shoot_Pulse_emergency_stop
 .text.Shoot_Trigger
                0x0000086a       0x28 Shoot_Puls.o
                0x0000086a                Shoot_Trigger
 .text.Shoot_is_charging
                0x00000892        0x6 Shoot_Puls.o
                0x00000892                Shoot_is_charging
 .text.__vector_47
                0x00000898       0x3e Shoot_Puls.o
                0x00000898                __vector_47
 .text.set_adc_value_for_channel
                0x000008d6       0x26 main.o
 .text.startup.main
                0x000008fc      0x124 main.o
                0x000008fc                main
 .text.__vector_88
                0x00000a20       0x54 Debug_UART.o
                0x00000a20                __vector_88
 .text.__vector_89
                0x00000a74       0x54 Debug_UART.o
                0x00000a74                __vector_89
 .text.putsUSARTD0
                0x00000ac8       0x30 Debug_UART.o
                0x00000ac8                putsUSARTD0
 .text.debug_comm_handler_cmd
                0x00000af8      0x372 Debug_UART.o
 .text.initUSARTD0
                0x00000e6a       0x52 Debug_UART.o
                0x00000e6a                initUSARTD0
 .text.debug_comm_data_received
                0x00000ebc       0x1a Debug_UART.o
                0x00000ebc                debug_comm_data_received
 .text.USART_InterruptDriver_Initialize
                0x00000ed6       0x1c usart_driver.o
                0x00000ed6                USART_InterruptDriver_Initialize
 .text.USART_TXBuffer_FreeSpace
                0x00000ef2       0x1a usart_driver.o
                0x00000ef2                USART_TXBuffer_FreeSpace
 .text.USART_TXBuffer_PutByte
                0x00000f0c       0x54 usart_driver.o
                0x00000f0c                USART_TXBuffer_PutByte
 .text.USART_RXBufferData_Available
                0x00000f60       0x16 usart_driver.o
                0x00000f60                USART_RXBufferData_Available
 .text.USART_RXBuffer_GetByte
                0x00000f76       0x1c usart_driver.o
                0x00000f76                USART_RXBuffer_GetByte
 .text.USART_RXComplete
                0x00000f92       0x3e usart_driver.o
                0x00000f92                USART_RXComplete
 .text.USART_DataRegEmpty
                0x00000fd0       0x46 usart_driver.o
                0x00000fd0                USART_DataRegEmpty
 .text.libgcc   0x00001016        0xc c:/program files (x86)/atmel/atmel toolchain/avr8 gcc/native/3.4.1061/avr8-gnu-toolchain/bin/../lib/gcc/avr/4.8.1/avrxmega4\libgcc.a(_tablejump.o)
                0x00001016                __tablejump2__
                0x0000101a                __tablejump__
 .text.avr-libc
                0x00001022       0x16 c:/program files (x86)/atmel/atmel toolchain/avr8 gcc/native/3.4.1061/avr8-gnu-toolchain/bin/../lib/gcc/avr/4.8.1/../../../../avr/lib/avrxmega4\libc.a(itoa_ncheck.o)
                0x00001022                __itoa_ncheck
 .text.avr-libc
                0x00001038       0x34 c:/program files (x86)/atmel/atmel toolchain/avr8 gcc/native/3.4.1061/avr8-gnu-toolchain/bin/../lib/gcc/avr/4.8.1/../../../../avr/lib/avrxmega4\libc.a(utoa_ncheck.o)
                0x00001038                __utoa_ncheck
                0x0000103a                __utoa_common
 .text.avr-libc
                0x0000106c       0x20 c:/program files (x86)/atmel/atmel toolchain/avr8 gcc/native/3.4.1061/avr8-gnu-toolchain/bin/../lib/gcc/avr/4.8.1/../../../../avr/lib/avrxmega4\libc.a(strrev.o)
                0x0000106c                strrev
                0x0000108c                . = ALIGN (0x2)
 *(.fini9)
 .fini9         0x0000108c        0x0 c:/program files (x86)/atmel/atmel toolchain/avr8 gcc/native/3.4.1061/avr8-gnu-toolchain/bin/../lib/gcc/avr/4.8.1/avrxmega4\libgcc.a(_exit.o)
                0x0000108c                _exit
                0x0000108c                exit
 *(.fini9)
 *(.fini8)
 *(.fini8)
 *(.fini7)
 *(.fini7)
 *(.fini6)
 *(.fini6)
 *(.fini5)
 *(.fini5)
 *(.fini4)
 *(.fini4)
 *(.fini3)
 *(.fini3)
 *(.fini2)
 *(.fini2)
 *(.fini1)
 *(.fini1)
 *(.fini0)
 .fini0         0x0000108c        0x4 c:/program files (x86)/atmel/atmel toolchain/avr8 gcc/native/3.4.1061/avr8-gnu-toolchain/bin/../lib/gcc/avr/4.8.1/avrxmega4\libgcc.a(_exit.o)
 *(.fini0)
                0x00001090                _etext = .

.data           0x00802000        0x0 load address 0x00001090
                0x00802000                PROVIDE (__data_start, .)
 *(.data)
 *(.data*)
 *(.rodata)
 *(.rodata*)
 *(.gnu.linkonce.d*)
                0x00802000                . = ALIGN (0x2)
                0x00802000                _edata = .
                0x00802000                PROVIDE (__data_end, .)

.bss            0x00802000       0xaa
                0x00802000                PROVIDE (__bss_start, .)
 *(.bss)
 *(.bss*)
 .bss.adcSample
                0x00802000        0x8 ADC.o
 .bss.bCounter_RX
                0x00802008        0x1 UART.o
 .bss.bCounter_TX
                0x00802009        0x1 UART.o
 .bss.bAddress  0x0080200a        0x1 UART.o
 .bss.fSof_Received_flag
                0x0080200b        0x1 UART.o
 .bss.fLoad_RX_flag
                0x0080200c        0x1 UART.o
 .bss.fPacket_Recieved_flag
                0x0080200d        0x1 UART.o
 .bss.iSteps    0x0080200e        0x2 Shoot_Level.o
 .bss.fPWM_Busy_Flag
                0x00802010        0x1 Shoot_Level.o
 .bss.bPosition_Old
                0x00802011        0x1 Shoot_Level.o
 .bss.fShoot_Busy_Flag
                0x00802012        0x1 Shoot_Puls.o
 .bss.sReply    0x00802013       0x40 Debug_UART.o
 .bss.USART_data
                0x00802053       0x4b Debug_UART.o
 *(COMMON)
 COMMON         0x0080209e        0xc UART.o
                0x0080209e                abBuffer_tx
                0x008020a4                abBuffer_rx
                0x008020aa                PROVIDE (__bss_end, .)
                0x00001090                __data_load_start = LOADADDR (.data)
                0x00001090                __data_load_end = (__data_load_start + SIZEOF (.data))

.noinit         0x008020aa        0x0
                0x008020aa                PROVIDE (__noinit_start, .)
 *(.noinit*)
                0x008020aa                PROVIDE (__noinit_end, .)
                0x008020aa                _end = .
                0x008020aa                PROVIDE (__heap_start, .)

.eeprom         0x00810000        0x0
 *(.eeprom*)
                0x00810000                __eeprom_end = .

.fuse
 *(.fuse)
 *(.lfuse)
 *(.hfuse)
 *(.efuse)

.lock
 *(.lock*)

.signature
 *(.signature*)

.user_signatures
 *(.user_signatures*)

.stab
 *(.stab)

.stabstr
 *(.stabstr)

.stab.excl
 *(.stab.excl)

.stab.exclstr
 *(.stab.exclstr)

.stab.index
 *(.stab.index)

.stab.indexstr
 *(.stab.indexstr)

.comment        0x00000000       0x30
 *(.comment)
 .comment       0x00000000       0x30 ADC.o
                                 0x31 (size before relaxing)
 .comment       0x00000000       0x31 Digital_Input.o
 .comment       0x00000000       0x31 Digital_Output.o
 .comment       0x00000000       0x31 UART.o
 .comment       0x00000000       0x31 Shoot_Level.o
 .comment       0x00000000       0x31 Shoot_Puls.o
 .comment       0x00000000       0x31 main.o
 .comment       0x00000000       0x31 Debug_UART.o
 .comment       0x00000000       0x31 usart_driver.o

.note.gnu.build-id
 *(.note.gnu.build-id)

.debug
 *(.debug)

.line
 *(.line)

.debug_srcinfo
 *(.debug_srcinfo)

.debug_sfnames
 *(.debug_sfnames)

.debug_aranges  0x00000000      0x2a0
 *(.debug_aranges)
 .debug_aranges
                0x00000000       0x30 ADC.o
 .debug_aranges
                0x00000030       0x38 Digital_Input.o
 .debug_aranges
                0x00000068       0x30 Digital_Output.o
 .debug_aranges
                0x00000098       0xa0 UART.o
 .debug_aranges
                0x00000138       0x48 Shoot_Level.o
 .debug_aranges
                0x00000180       0x40 Shoot_Puls.o
 .debug_aranges
                0x000001c0       0x28 main.o
 .debug_aranges
                0x000001e8       0x50 Debug_UART.o
 .debug_aranges
                0x00000238       0x68 usart_driver.o

.debug_pubnames
 *(.debug_pubnames)

.debug_info     0x00000000     0x4392
 *(.debug_info .gnu.linkonce.wi.*)
 .debug_info    0x00000000      0x99f ADC.o
 .debug_info    0x0000099f      0x295 Digital_Input.o
 .debug_info    0x00000c34      0x2c7 Digital_Output.o
 .debug_info    0x00000efb      0x59a UART.o
 .debug_info    0x00001495      0xdf5 Shoot_Level.o
 .debug_info    0x0000228a      0x886 Shoot_Puls.o
 .debug_info    0x00002b10      0x7fe main.o
 .debug_info    0x0000330e      0xafb Debug_UART.o
 .debug_info    0x00003e09      0x589 usart_driver.o

.debug_abbrev   0x00000000     0x1002
 *(.debug_abbrev)
 .debug_abbrev  0x00000000      0x20e ADC.o
 .debug_abbrev  0x0000020e       0xd3 Digital_Input.o
 .debug_abbrev  0x000002e1      0x110 Digital_Output.o
 .debug_abbrev  0x000003f1      0x1eb UART.o
 .debug_abbrev  0x000005dc      0x194 Shoot_Level.o
 .debug_abbrev  0x00000770      0x156 Shoot_Puls.o
 .debug_abbrev  0x000008c6      0x22c main.o
 .debug_abbrev  0x00000af2      0x33a Debug_UART.o
 .debug_abbrev  0x00000e2c      0x1d6 usart_driver.o

.debug_line     0x00000000     0x113a
 *(.debug_line .debug_line.* .debug_line_end)
 .debug_line    0x00000000      0x1f8 ADC.o
 .debug_line    0x000001f8      0x16e Digital_Input.o
 .debug_line    0x00000366      0x16f Digital_Output.o
 .debug_line    0x000004d5      0x270 UART.o
 .debug_line    0x00000745      0x1d4 Shoot_Level.o
 .debug_line    0x00000919      0x177 Shoot_Puls.o
 .debug_line    0x00000a90      0x1e0 main.o
 .debug_line    0x00000c70      0x2cb Debug_UART.o
 .debug_line    0x00000f3b      0x1ff usart_driver.o

.debug_frame    0x00000000      0x614
 *(.debug_frame)
 .debug_frame   0x00000000       0x50 ADC.o
 .debug_frame   0x00000050       0x54 Digital_Input.o
 .debug_frame   0x000000a4       0x4c Digital_Output.o
 .debug_frame   0x000000f0      0x1a8 UART.o
 .debug_frame   0x00000298       0xa0 Shoot_Level.o
 .debug_frame   0x00000338       0x80 Shoot_Puls.o
 .debug_frame   0x000003b8       0x44 main.o
 .debug_frame   0x000003fc      0x130 Debug_UART.o
 .debug_frame   0x0000052c       0xe8 usart_driver.o

.debug_str      0x00000000     0x15c8
 *(.debug_str)
 .debug_str     0x00000000      0x9e3 ADC.o
                                0xa49 (size before relaxing)
 .debug_str     0x000009e3       0x6b Digital_Input.o
                                0x296 (size before relaxing)
 .debug_str     0x00000a4e       0x6f Digital_Output.o
                                0x2b7 (size before relaxing)
 .debug_str     0x00000abd      0x1e4 UART.o
                                0x435 (size before relaxing)
 .debug_str     0x00000ca1      0x322 Shoot_Level.o
                                0x5fe (size before relaxing)
 .debug_str     0x00000fc3       0x7f Shoot_Puls.o
                                0x559 (size before relaxing)
 .debug_str     0x00001042      0x160 main.o
                                0x58e (size before relaxing)
 .debug_str     0x000011a2      0x33f Debug_UART.o
                                0x6de (size before relaxing)
 .debug_str     0x000014e1       0xe7 usart_driver.o
                                0x447 (size before relaxing)

.debug_loc      0x00000000      0xfbb
 *(.debug_loc)
 .debug_loc     0x00000000       0x8e ADC.o
 .debug_loc     0x0000008e       0x7b Digital_Input.o
 .debug_loc     0x00000109      0x116 Digital_Output.o
 .debug_loc     0x0000021f      0x1e9 UART.o
 .debug_loc     0x00000408       0xd3 Shoot_Level.o
 .debug_loc     0x000004db       0x77 Shoot_Puls.o
 .debug_loc     0x00000552      0x10b main.o
 .debug_loc     0x0000065d      0x51a Debug_UART.o
 .debug_loc     0x00000b77      0x444 usart_driver.o

.debug_macinfo
 *(.debug_macinfo)

.debug_weaknames
 *(.debug_weaknames)

.debug_funcnames
 *(.debug_funcnames)

.debug_typenames
 *(.debug_typenames)

.debug_varnames
 *(.debug_varnames)

.debug_pubtypes
 *(.debug_pubtypes)

.debug_ranges   0x00000000      0x210
 *(.debug_ranges)
 .debug_ranges  0x00000000       0x20 ADC.o
 .debug_ranges  0x00000020       0x28 Digital_Input.o
 .debug_ranges  0x00000048       0x20 Digital_Output.o
 .debug_ranges  0x00000068       0x90 UART.o
 .debug_ranges  0x000000f8       0x38 Shoot_Level.o
 .debug_ranges  0x00000130       0x30 Shoot_Puls.o
 .debug_ranges  0x00000160       0x18 main.o
 .debug_ranges  0x00000178       0x40 Debug_UART.o
 .debug_ranges  0x000001b8       0x58 usart_driver.o

.debug_macro
 *(.debug_macro)
OUTPUT(Turtle_5K_IO_Board.elf elf32-avr)
LOAD linker stubs
